Component: ARM Compiler 5.06 update 6 (build 750) Tool: armlink [4d35ed]

==============================================================================

Section Cross References

    startup_lpc845.o(RESET) refers to startup_lpc845.o(.text) for Reset_Handler
    startup_lpc845.o(.text) refers to system_lpc845.o(i.SystemInit) for SystemInit
    startup_lpc845.o(.text) refers to __main.o(!!!main) for __main
    startup_lpc845.o(.text) refers to fsl_usart.o(i.USART0_DriverIRQHandler) for USART0_DriverIRQHandler
    startup_lpc845.o(.text) refers to fsl_usart.o(i.USART1_DriverIRQHandler) for USART1_DriverIRQHandler
    startup_lpc845.o(.text) refers to fsl_usart.o(i.USART2_DriverIRQHandler) for USART2_DriverIRQHandler
    startup_lpc845.o(.text) refers to fsl_usart.o(i.PIN_INT6_USART3_DriverIRQHandler) for PIN_INT6_USART3_DriverIRQHandler
    startup_lpc845.o(.text) refers to fsl_usart.o(i.PIN_INT7_USART4_DriverIRQHandler) for PIN_INT7_USART4_DriverIRQHandler
    system_lpc845.o(i.SystemCoreClockUpdate) refers to system_lpc845.o(i.__ARM_common_switch8) for __ARM_common_switch8
    system_lpc845.o(i.SystemCoreClockUpdate) refers to aeabi_sdiv.o(.text) for __aeabi_uidivmod
    system_lpc845.o(i.SystemCoreClockUpdate) refers to system_lpc845.o(.data) for .data
    system_lpc845.o(i.SystemInit) refers to system_lpc845.o(i.SystemInitHook) for SystemInitHook
    system_lpc845.o(i.SystemInit) refers to startup_lpc845.o(RESET) for __Vectors
    system_lpc845.o(i.SystemInit) refers to system_lpc845.o(.data) for .data
    loop.o(i.loop) refers to loop.o(i.delay) for delay
    loop.o(i.loop) refers to bootloader.o(i.BootJump) for BootJump
    main.o(i.main) refers to start.o(i.start) for start
    main.o(i.main) refers to loop.o(i.loop) for loop
    start.o(i.start) refers to fw_chip.o(i.fw_chip_init) for fw_chip_init
    start.o(i.start) refers to start.o(i.start_hw) for start_hw
    start.o(i.start) refers to periph_io.o(i.periph_io_startup) for periph_io_startup
    start.o(i.start_hw) refers to fw_io.o(.constdata) for fw_io_api
    start.o(i.start_hw) refers to fw_usart.o(.constdata) for fw_usart_api
    periph_io.o(i.periph_io_init) refers to periph_io.o(.bss) for .bss
    periph_io.o(i.periph_io_init) refers to fw_io.o(.constdata) for fw_io_entity_api
    periph_io.o(i.periph_io_init) refers to fw_io.o(.constdata) for fw_io_api
    periph_io.o(i.periph_io_startup) refers to periph_io.o(i.periph_io_init) for periph_io_init
    terminal.o(i.terminal_callback) refers to terminal.o(.data) for .data
    terminal.o(i.terminal_write) refers to terminal.o(i.terminal_callback) for terminal_callback
    terminal.o(i.terminal_write) refers to terminal.o(.bss) for .bss
    terminal.o(i.terminal_write) refers to terminal.o(.data) for .data
    terminal.o(i.terminal_write) refers to fw_usart.o(.constdata) for fw_usart_api
    bootloader.o(i.BootJump) refers to bootloader.o(.emb_text) for BootJumpASM
    fw_define.o(.constdata) refers to fw_define.o(.bss) for fw_usart0_handleMem
    fw_chip.o(i.fw_chip_init) refers to fw_chip.o(i.fw_chip_initCoreClock) for fw_chip_initCoreClock
    fw_chip.o(i.fw_chip_init) refers to fw_define.o(.constdata) for fw_define_system
    fw_chip.o(i.fw_chip_initCoreClock) refers to fsl_clock.o(i.CLOCK_SetFroOutClkSrc) for CLOCK_SetFroOutClkSrc
    fw_chip.o(i.fw_chip_initCoreClock) refers to fsl_clock.o(i.CLOCK_InitSysOsc) for CLOCK_InitSysOsc
    fw_chip.o(i.fw_chip_initCoreClock) refers to fsl_clock.o(i.CLOCK_SetMainClkSrc) for CLOCK_SetMainClkSrc
    fw_chip.o(i.fw_chip_initCoreClock) refers to system_lpc845.o(.data) for SystemCoreClock
    fw_io.o(i.fw_io_deinit) refers to fw_io.o(i.CLOCK_DisableClock) for CLOCK_DisableClock
    fw_io.o(i.fw_io_entity_getValue) refers to fw_io.o(i.fw_io_getValue) for fw_io_getValue
    fw_io.o(i.fw_io_entity_setDir) refers to fw_io.o(i.fw_io_setDir) for fw_io_setDir
    fw_io.o(i.fw_io_entity_setHigh) refers to fw_io.o(i.fw_io_setHigh) for fw_io_setHigh
    fw_io.o(i.fw_io_entity_setInput) refers to fw_io.o(i.fw_io_setInput) for fw_io_setInput
    fw_io.o(i.fw_io_entity_setLow) refers to fw_io.o(i.fw_io_setLow) for fw_io_setLow
    fw_io.o(i.fw_io_entity_setOutput) refers to fw_io.o(i.fw_io_setOutput) for fw_io_setOutput
    fw_io.o(i.fw_io_entity_setToggle) refers to fw_io.o(i.fw_io_setToggle) for fw_io_setToggle
    fw_io.o(i.fw_io_entity_setValue) refers to fw_io.o(i.fw_io_setValue) for fw_io_setValue
    fw_io.o(i.fw_io_getBase) refers to abort.o(.text) for abort
    fw_io.o(i.fw_io_getBase) refers to fw_define.o(.constdata) for fw_define_io
    fw_io.o(i.fw_io_getEntity) refers to fw_io.o(.constdata) for .constdata
    fw_io.o(i.fw_io_init) refers to fw_io.o(i.CLOCK_EnableClock) for CLOCK_EnableClock
    fw_io.o(i.fw_io_init) refers to fsl_reset.o(i.RESET_PeripheralReset) for RESET_PeripheralReset
    fw_io.o(i.fw_io_port_clear) refers to fw_io.o(i.fw_io_getBase) for fw_io_getBase
[...]
    libinit5.o(.ARM.Collect$$libinit$$0000002A) refers to argv_veneer.o(.text) for __ARM_argv_veneer
    rtexit2.o(.ARM.Collect$$rtexit$$00000003) refers to libshutdown.o(.ARM.Collect$$libshutdown$$00000000) for __rt_lib_shutdown
    rtexit2.o(.ARM.Collect$$rtexit$$00000004) refers to sys_exit.o(.text) for _sys_exit
    rtexit2.o(.ARM.exidx) refers to rtexit2.o(.ARM.Collect$$rtexit$$00000001) for .ARM.Collect$$rtexit$$00000001
    rtexit2.o(.ARM.exidx) refers to rtexit2.o(.ARM.Collect$$rtexit$$00000003) for .ARM.Collect$$rtexit$$00000003
    rtexit2.o(.ARM.exidx) refers to rtexit2.o(.ARM.Collect$$rtexit$$00000004) for .ARM.Collect$$rtexit$$00000004
    defsig_rtred_inner.o(.text) refers to defsig_general.o(.text) for __default_signal_display
    defsig_rtmem_inner.o(.text) refers to defsig_general.o(.text) for __default_signal_display
    defsig_stak_inner.o(.text) refers to defsig_general.o(.text) for __default_signal_display
    defsig_pvfn_inner.o(.text) refers to defsig_general.o(.text) for __default_signal_display
    defsig_cppl_inner.o(.text) refers to defsig_general.o(.text) for __default_signal_display
    defsig_segv_inner.o(.text) refers to defsig_general.o(.text) for __default_signal_display
    defsig_other.o(.text) refers to defsig_general.o(.text) for __default_signal_display
    _get_argv_nomalloc.o(.text) refers (Special) to hrguard.o(.text) for __heap_region$guard
    _get_argv_nomalloc.o(.text) refers to defsig_rtmem_outer.o(.text) for __rt_SIGRTMEM
    _get_argv_nomalloc.o(.text) refers to sys_command.o(.text) for _sys_command_string
    libshutdown.o(.ARM.Collect$$libshutdown$$00000000) refers (Special) to libshutdown2.o(.ARM.Collect$$libshutdown$$00000002) for __rt_lib_shutdown_cpp_1
    libshutdown.o(.ARM.Collect$$libshutdown$$00000000) refers (Special) to libshutdown2.o(.ARM.Collect$$libshutdown$$00000007) for __rt_lib_shutdown_fp_trap_1
    libshutdown.o(.ARM.Collect$$libshutdown$$00000000) refers (Special) to libshutdown2.o(.ARM.Collect$$libshutdown$$0000000F) for __rt_lib_shutdown_heap_1
    libshutdown.o(.ARM.Collect$$libshutdown$$00000000) refers (Special) to libshutdown2.o(.ARM.Collect$$libshutdown$$00000010) for __rt_lib_shutdown_return
    libshutdown.o(.ARM.Collect$$libshutdown$$00000000) refers (Special) to libshutdown2.o(.ARM.Collect$$libshutdown$$0000000A) for __rt_lib_shutdown_signal_1
    libshutdown.o(.ARM.Collect$$libshutdown$$00000000) refers (Special) to libshutdown2.o(.ARM.Collect$$libshutdown$$00000004) for __rt_lib_shutdown_stdio_1
    libshutdown.o(.ARM.Collect$$libshutdown$$00000000) refers (Special) to libshutdown2.o(.ARM.Collect$$libshutdown$$0000000C) for __rt_lib_shutdown_user_alloc_1
    sys_command.o(.text) refers (Special) to use_no_semi.o(.text) for __I$use$semihosting
    sys_command.o(.text) refers (Special) to indicate_semi.o(.text) for __semihosting_library_function
    defsig_rtmem_outer.o(.text) refers to defsig_rtmem_inner.o(.text) for __rt_SIGRTMEM_inner
    defsig_rtmem_outer.o(.text) refers to defsig_exit.o(.text) for __sig_exit
    defsig_rtmem_formal.o(.text) refers to rt_raise.o(.text) for __rt_raise


==============================================================================

Removing Unused input sections from the image.

    Removing system_lpc845.o(.rev16_text), (4 bytes).
    Removing system_lpc845.o(.revsh_text), (4 bytes).
    Removing system_lpc845.o(i.SystemCoreClockUpdate), (380 bytes).
    Removing loop.o(.rev16_text), (4 bytes).
    Removing loop.o(.revsh_text), (4 bytes).
    Removing terminal.o(i.terminal_callback), (12 bytes).
    Removing terminal.o(i.terminal_write), (48 bytes).
    Removing terminal.o(.bss), (16 bytes).
    Removing terminal.o(.bss), (256 bytes).
    Removing terminal.o(.data), (1 bytes).
    Removing bootloader.o(.rev16_text), (4 bytes).
    Removing bootloader.o(.revsh_text), (4 bytes).
    Removing fw_define.o(.rev16_text), (4 bytes).
    Removing fw_define.o(.revsh_text), (4 bytes).
    Removing fw_define.o(.constdata), (48 bytes).
    Removing fw_chip.o(.rev16_text), (4 bytes).
    Removing fw_chip.o(.revsh_text), (4 bytes).
    Removing fw_io.o(.rev16_text), (4 bytes).
    Removing fw_io.o(.revsh_text), (4 bytes).
    Removing fw_usart.o(.rev16_text), (4 bytes).
    Removing fw_usart.o(.revsh_text), (4 bytes).
    Removing fsl_clock.o(.rev16_text), (4 bytes).
    Removing fsl_clock.o(.revsh_text), (4 bytes).
    Removing fsl_clock.o(i.CLOCK_GetClockOutClkFreq), (76 bytes).
    Removing fsl_clock.o(i.CLOCK_GetUart0ClkFreq), (60 bytes).
    Removing fsl_clock.o(i.CLOCK_GetUart1ClkFreq), (60 bytes).
    Removing fsl_clock.o(i.CLOCK_GetUart2ClkFreq), (60 bytes).
    Removing fsl_clock.o(i.CLOCK_GetUart3ClkFreq), (60 bytes).
    Removing fsl_clock.o(i.CLOCK_GetUart4ClkFreq), (60 bytes).
    Removing fsl_clock.o(i.CLOCK_InitExtClkin), (52 bytes).
    Removing fsl_clock.o(i.CLOCK_InitSystemPll), (164 bytes).
    Removing fsl_clock.o(i.CLOCK_InitWdtOsc), (76 bytes).
    Removing fsl_clock.o(i.CLOCK_InitXtalin), (100 bytes).
    Removing fsl_clock.o(i.CLOCK_SetFRG0ClkFreq), (16 bytes).
    Removing fsl_clock.o(i.CLOCK_SetFRG1ClkFreq), (16 bytes).
    Removing fsl_clock.o(i.CLOCK_SetFRGClkFreq), (62 bytes).
    Removing fsl_clock.o(i.SDK_DelayAtLeastUs), (44 bytes).
    Removing fsl_reset.o(.rev16_text), (4 bytes).
    Removing fsl_reset.o(.revsh_text), (4 bytes).
    Removing fsl_swm.o(.rev16_text), (4 bytes).
    Removing fsl_swm.o(.revsh_text), (4 bytes).
    Removing fsl_swm.o(i.SWM_SetFixedPinSelect), (54 bytes).
    Removing fsl_usart.o(.rev16_text), (4 bytes).
    Removing fsl_usart.o(.revsh_text), (4 bytes).
    Removing fsl_usart.o(i.USART_ReadBlocking), (124 bytes).
    Removing fsl_usart.o(i.USART_TransferGetReceiveCount), (38 bytes).
    Removing fsl_usart.o(i.USART_TransferGetSendCount), (38 bytes).
    Removing fsl_usart.o(i.USART_WriteBlocking), (42 bytes).
    Removing fsl_clock.o(i.__ARM_common_ll_muluu), (48 bytes).

49 unused section(s) (total 2099 bytes) removed from the image.

==============================================================================

Image Symbol Table

    Local Symbols

    Symbol Name                              Value     Ov Type        Size  Object(Section)

    RESET                                    0x00000000   Section      192  startup_lpc845.o(RESET)
    ../clib/angel/boardlib.s                 0x00000000   Number         0  boardinit3.o ABSOLUTE
    ../clib/angel/boardlib.s                 0x00000000   Number         0  boardinit2.o ABSOLUTE
    ../clib/angel/boardlib.s                 0x00000000   Number         0  boardshut.o ABSOLUTE
    ../clib/angel/boardlib.s                 0x00000000   Number         0  boardinit1.o ABSOLUTE
    ../clib/angel/handlers.s                 0x00000000   Number         0  __scatter_copy.o ABSOLUTE
    ../clib/angel/handlers.s                 0x00000000   Number         0  __scatter_zi.o ABSOLUTE
    ../clib/angel/kernel.s                   0x00000000   Number         0  __rtentry2.o ABSOLUTE
    ../clib/angel/kernel.s                   0x00000000   Number         0  __rtentry4.o ABSOLUTE
    ../clib/angel/kernel.s                   0x00000000   Number         0  __rtentry7.o ABSOLUTE
    ../clib/angel/kernel.s                   0x00000000   Number         0  __rtentry.o ABSOLUTE
    ../clib/angel/kernel.s                   0x00000000   Number         0  rtexit2.o ABSOLUTE
    ../clib/angel/kernel.s                   0x00000000   Number         0  rtexit.o ABSOLUTE
    ../clib/angel/rt.s                       0x00000000   Number         0  rt_div0.o ABSOLUTE
    ../clib/angel/rt.s                       0x00000000   Number         0  aeabi_idiv0_sigfpe.o ABSOLUTE
    ../clib/angel/rt.s                       0x00000000   Number         0  aeabi_idiv0.o ABSOLUTE
    ../clib/angel/rt.s                       0x00000000   Number         0  rt_raise.o ABSOLUTE
    ../clib/angel/rt.s                       0x00000000   Number         0  aeabi_ldiv0.o ABSOLUTE
    ../clib/angel/rt.s                       0x00000000   Number         0  aeabi_ldiv0_sigfpe.o ABSOLUTE
    ../clib/angel/scatterp.s                 0x00000000   Number         0  __scatter.o ABSOLUTE
    ../clib/angel/startup.s                  0x00000000   Number         0  __main.o ABSOLUTE
    ../clib/angel/sys.s                      0x00000000   Number         0  sys_stackheap_outer.o ABSOLUTE
    ../clib/angel/sys.s                      0x00000000   Number         0  libspace.o ABSOLUTE
    ../clib/angel/sys.s                      0x00000000   Number         0  tempstk.o ABSOLUTE
    ../clib/angel/sys.s                      0x00000000   Number         0  use_no_semi.o ABSOLUTE
    ../clib/angel/sys.s                      0x00000000   Number         0  sys_stackheap.o ABSOLUTE
    ../clib/angel/sys.s                      0x00000000   Number         0  indicate_semi.o ABSOLUTE
    ../clib/angel/sysapp.c                   0x00000000   Number         0  sys_exit.o ABSOLUTE
    ../clib/angel/sysapp.c                   0x00000000   Number         0  sys_command.o ABSOLUTE
    ../clib/angel/sysapp.c                   0x00000000   Number         0  sys_wrch.o ABSOLUTE
    ../clib/armsys.c                         0x00000000   Number         0  argv_veneer.o ABSOLUTE
    ../clib/armsys.c                         0x00000000   Number         0  _get_argv_nomalloc.o ABSOLUTE
    ../clib/armsys.c                         0x00000000   Number         0  no_argv.o ABSOLUTE
    ../clib/division.c                       0x00000000   Number         0  lludiv.o ABSOLUTE
    ../clib/division.s                       0x00000000   Number         0  aeabi_sdiv.o ABSOLUTE
    ../clib/division.s                       0x00000000   Number         0  aeabi_sdiv_div0.o ABSOLUTE
    ../clib/heapalloc.c                      0x00000000   Number         0  hrguard.o ABSOLUTE
    ../clib/libinit.s                        0x00000000   Number         0  libshutdown.o ABSOLUTE
    ../clib/libinit.s                        0x00000000   Number         0  libinit5.o ABSOLUTE
    ../clib/libinit.s                        0x00000000   Number         0  libshutdown2.o ABSOLUTE
    ../clib/libinit.s                        0x00000000   Number         0  libinit.o ABSOLUTE
    ../clib/libinit.s                        0x00000000   Number         0  libinit2.o ABSOLUTE
    ../clib/memcpset.c                       0x00000000   Number         0  rt_memclr.o ABSOLUTE
    ../clib/signal.c                         0x00000000   Number         0  defsig_abrt_inner.o ABSOLUTE
    ../clib/signal.c                         0x00000000   Number         0  defsig_fpe_inner.o ABSOLUTE
    ../clib/signal.c                         0x00000000   Number         0  defsig_fpe_formal.o ABSOLUTE
    ../clib/signal.c                         0x00000000   Number         0  defsig_fpe_outer.o ABSOLUTE
    ../clib/signal.c                         0x00000000   Number         0  defsig_general.o ABSOLUTE
    ../clib/signal.c                         0x00000000   Number         0  __raise.o ABSOLUTE
    ../clib/signal.c                         0x00000000   Number         0  defsig_exit.o ABSOLUTE
    ../clib/signal.c                         0x00000000   Number         0  defsig_abrt_formal.o ABSOLUTE
    ../clib/signal.c                         0x00000000   Number         0  defsig_abrt_outer.o ABSOLUTE
    ../clib/signal.c                         0x00000000   Number         0  defsig_rtmem_formal.o ABSOLUTE
    ../clib/signal.c                         0x00000000   Number         0  defsig_rtmem_outer.o ABSOLUTE
    ../clib/signal.c                         0x00000000   Number         0  defsig_segv_inner.o ABSOLUTE
    ../clib/signal.c                         0x00000000   Number         0  defsig_cppl_inner.o ABSOLUTE
    ../clib/signal.c                         0x00000000   Number         0  defsig_pvfn_inner.o ABSOLUTE
    ../clib/signal.c                         0x00000000   Number         0  defsig_stak_inner.o ABSOLUTE
    ../clib/signal.c                         0x00000000   Number         0  defsig_rtmem_inner.o ABSOLUTE
    ../clib/signal.c                         0x00000000   Number         0  defsig_other.o ABSOLUTE
    ../clib/signal.c                         0x00000000   Number         0  defsig_rtred_inner.o ABSOLUTE
    ../clib/signal.s                         0x00000000   Number         0  defsig.o ABSOLUTE
    ../clib/stdlib.c                         0x00000000   Number         0  abort.o ABSOLUTE
    ../clib/stdlib.c                         0x00000000   Number         0  exit.o ABSOLUTE
    ../fplib/cfplib/fpinit.c                 0x00000000   Number         0  fpinit.o ABSOLUTE
    ..\\reference\\mcu_framework_lpc845\\fw_define.c 0x00000000   Number         0  fw_define.o ABSOLUTE
    ..\\source\\chip\\system_LPC845.c        0x00000000   Number         0  system_lpc845.o ABSOLUTE
    ..\\source\\fsl_clock.c                  0x00000000   Number         0  fsl_clock.o ABSOLUTE
    ..\\source\\fsl_reset.c                  0x00000000   Number         0  fsl_reset.o ABSOLUTE
    ..\\source\\fsl_swm.c                    0x00000000   Number         0  fsl_swm.o ABSOLUTE
    ..\\source\\fsl_usart.c                  0x00000000   Number         0  fsl_usart.o ABSOLUTE
    ..\\source\\fw_chip.c                    0x00000000   Number         0  fw_chip.o ABSOLUTE
    ..\\source\\fw_io.c                      0x00000000   Number         0  fw_io.o ABSOLUTE
    ..\\source\\fw_usart.c                   0x00000000   Number         0  fw_usart.o ABSOLUTE
    ..\\source\\main\\loop.c                 0x00000000   Number         0  loop.o ABSOLUTE
    ..\\source\\method\\bootloader.c         0x00000000   Number         0  bootloader.o ABSOLUTE
    ..\reference\mcu_framework_lpc845\fw_define.c 0x00000000   Number         0  fw_define.o ABSOLUTE
    ..\source\chip\startup_LPC845.s          0x00000000   Number         0  startup_lpc845.o ABSOLUTE
    ..\source\chip\system_LPC845.c           0x00000000   Number         0  system_lpc845.o ABSOLUTE
    ..\source\fsl_clock.c                    0x00000000   Number         0  fsl_clock.o ABSOLUTE
    ..\source\fsl_reset.c                    0x00000000   Number         0  fsl_reset.o ABSOLUTE
    ..\source\fsl_swm.c                      0x00000000   Number         0  fsl_swm.o ABSOLUTE
    ..\source\fsl_usart.c                    0x00000000   Number         0  fsl_usart.o ABSOLUTE
    ..\source\fw_chip.c                      0x00000000   Number         0  fw_chip.o ABSOLUTE
    ..\source\fw_io.c                        0x00000000   Number         0  fw_io.o ABSOLUTE
    ..\source\fw_usart.c                     0x00000000   Number         0  fw_usart.o ABSOLUTE
    ..\source\main\loop.c                    0x00000000   Number         0  loop.o ABSOLUTE
    ..\source\main\main.c                    0x00000000   Number         0  main.o ABSOLUTE
    ..\source\main\start.c                   0x00000000   Number         0  start.o ABSOLUTE
    ..\source\method\bootloader.c            0x00000000   Number         0  bootloader.o ABSOLUTE
    ..\source\method\periph_io.c             0x00000000   Number         0  periph_io.o ABSOLUTE
    ..\source\method\terminal.c              0x00000000   Number         0  terminal.o ABSOLUTE
    dc.s                                     0x00000000   Number         0  dc.o ABSOLUTE
    !!!main                                  0x00000140   Section        8  __main.o(!!!main)
    !!!scatter                               0x00000148   Section       60  __scatter.o(!!!scatter)
    !!handler_copy                           0x00000184   Section       26  __scatter_copy.o(!!handler_copy)
    !!handler_zi                             0x000001a0   Section       28  __scatter_zi.o(!!handler_zi)
    .ARM.Collect$$libinit$$00000000          0x000001bc   Section        2  libinit.o(.ARM.Collect$$libinit$$00000000)
    .ARM.Collect$$libinit$$00000002          0x000001be   Section        0  libinit2.o(.ARM.Collect$$libinit$$00000002)
    .ARM.Collect$$libinit$$00000004          0x000001be   Section        0  libinit2.o(.ARM.Collect$$libinit$$00000004)
    .ARM.Collect$$libinit$$0000000A          0x000001be   Section        0  libinit2.o(.ARM.Collect$$libinit$$0000000A)
    .ARM.Collect$$libinit$$0000000C          0x000001be   Section        0  libinit2.o(.ARM.Collect$$libinit$$0000000C)
    .ARM.Collect$$libinit$$0000000E          0x000001be   Section        0  libinit2.o(.ARM.Collect$$libinit$$0000000E)
    .ARM.Collect$$libinit$$00000011          0x000001be   Section        0  libinit2.o(.ARM.Collect$$libinit$$00000011)
    .ARM.Collect$$libinit$$00000013          0x000001be   Section        0  libinit2.o(.ARM.Collect$$libinit$$00000013)
    .ARM.Collect$$libinit$$00000015          0x000001be   Section        0  libinit2.o(.ARM.Collect$$libinit$$00000015)
    .ARM.Collect$$libinit$$00000017          0x000001be   Section        0  libinit2.o(.ARM.Collect$$libinit$$00000017)
    .ARM.Collect$$libinit$$00000019          0x000001be   Section        0  libinit2.o(.ARM.Collect$$libinit$$00000019)
    .ARM.Collect$$libinit$$0000001B          0x000001be   Section        0  libinit2.o(.ARM.Collect$$libinit$$0000001B)
    .ARM.Collect$$libinit$$0000001D          0x000001be   Section        0  libinit2.o(.ARM.Collect$$libinit$$0000001D)
    .ARM.Collect$$libinit$$0000001F          0x000001be   Section        0  libinit2.o(.ARM.Collect$$libinit$$0000001F)
    .ARM.Collect$$libinit$$00000021          0x000001be   Section        0  libinit2.o(.ARM.Collect$$libinit$$00000021)
    .ARM.Collect$$libinit$$00000023          0x000001be   Section        0  libinit2.o(.ARM.Collect$$libinit$$00000023)
    .ARM.Collect$$libinit$$00000025          0x000001be   Section        0  libinit2.o(.ARM.Collect$$libinit$$00000025)
    .ARM.Collect$$libinit$$0000002C          0x000001be   Section        0  libinit2.o(.ARM.Collect$$libinit$$0000002C)
    .ARM.Collect$$libinit$$0000002E          0x000001be   Section        0  libinit2.o(.ARM.Collect$$libinit$$0000002E)
    .ARM.Collect$$libinit$$00000030          0x000001be   Section        0  libinit2.o(.ARM.Collect$$libinit$$00000030)
    .ARM.Collect$$libinit$$00000032          0x000001be   Section        0  libinit2.o(.ARM.Collect$$libinit$$00000032)
    .ARM.Collect$$libinit$$00000033          0x000001be   Section        2  libinit2.o(.ARM.Collect$$libinit$$00000033)
    .ARM.Collect$$libshutdown$$00000000      0x000001c0   Section        2  libshutdown.o(.ARM.Collect$$libshutdown$$00000000)
    .ARM.Collect$$libshutdown$$00000002      0x000001c2   Section        0  libshutdown2.o(.ARM.Collect$$libshutdown$$00000002)
    .ARM.Collect$$libshutdown$$00000004      0x000001c2   Section        0  libshutdown2.o(.ARM.Collect$$libshutdown$$00000004)
    .ARM.Collect$$libshutdown$$00000007      0x000001c2   Section        0  libshutdown2.o(.ARM.Collect$$libshutdown$$00000007)
    .ARM.Collect$$libshutdown$$0000000A      0x000001c2   Section        0  libshutdown2.o(.ARM.Collect$$libshutdown$$0000000A)
    .ARM.Collect$$libshutdown$$0000000C      0x000001c2   Section        0  libshutdown2.o(.ARM.Collect$$libshutdown$$0000000C)
    .ARM.Collect$$libshutdown$$0000000F      0x000001c2   Section        0  libshutdown2.o(.ARM.Collect$$libshutdown$$0000000F)
    .ARM.Collect$$libshutdown$$00000010      0x000001c2   Section        2  libshutdown2.o(.ARM.Collect$$libshutdown$$00000010)
    .ARM.Collect$$rtentry$$00000000          0x000001c4   Section        0  __rtentry.o(.ARM.Collect$$rtentry$$00000000)
    .ARM.Collect$$rtentry$$00000002          0x000001c4   Section        0  __rtentry2.o(.ARM.Collect$$rtentry$$00000002)
    .ARM.Collect$$rtentry$$00000007          0x000001c4   Section        4  __rtentry7.o(.ARM.Collect$$rtentry$$00000007)
    .ARM.Collect$$rtentry$$00000009          0x000001c8   Section        0  __rtentry2.o(.ARM.Collect$$rtentry$$00000009)
    .ARM.Collect$$rtentry$$0000000A          0x000001c8   Section        4  __rtentry2.o(.ARM.Collect$$rtentry$$0000000A)
    .ARM.Collect$$rtentry$$0000000C          0x000001cc   Section        0  __rtentry2.o(.ARM.Collect$$rtentry$$0000000C)
    .ARM.Collect$$rtentry$$0000000D          0x000001cc   Section        8  __rtentry2.o(.ARM.Collect$$rtentry$$0000000D)
    .ARM.Collect$$rtentry$$00002718          0x000001d4   Section        4  __rtentry7.o(.ARM.Collect$$rtentry$$00002718)
    __lit__00000000                          0x000001d4   Data           4  __rtentry7.o(.ARM.Collect$$rtentry$$00002718)
    .ARM.Collect$$rtexit$$00000000           0x000001d8   Section        2  rtexit.o(.ARM.Collect$$rtexit$$00000000)
    .ARM.Collect$$rtexit$$00000002           0x000001da   Section        0  rtexit2.o(.ARM.Collect$$rtexit$$00000002)
    .ARM.Collect$$rtexit$$00000003           0x000001da   Section        4  rtexit2.o(.ARM.Collect$$rtexit$$00000003)
    .ARM.Collect$$rtexit$$00000004           0x000001de   Section        6  rtexit2.o(.ARM.Collect$$rtexit$$00000004)
    .emb_text                                0x000001e4   Section        6  bootloader.o(.emb_text)
    .text                                    0x000001ec   Section      284  startup_lpc845.o(.text)
    .text                                    0x00000308   Section        0  lludiv.o(.text)
    .text                                    0x0000040a   Section        0  abort.o(.text)
    .text                                    0x0000041e   Section        0  rt_memclr.o(.text)
    .text                                    0x0000045e   Section      346  aeabi_sdiv.o(.text)
    .text                                    0x000005b8   Section        0  sys_exit.o(.text)
    .text                                    0x000005c4   Section        0  defsig_abrt_outer.o(.text)
    .text                                    0x000005d0   Section        2  use_no_semi.o(.text)
    .text                                    0x000005d2   Section        0  defsig_exit.o(.text)
    .text                                    0x000005d2   Section        0  indicate_semi.o(.text)
    .text                                    0x000005e0   Section        0  defsig_abrt_inner.o(.text)
    .text                                    0x00000610   Section        0  exit.o(.text)
    .text                                    0x00000620   Section        0  defsig_general.o(.text)
    .text                                    0x00000654   Section        0  sys_wrch.o(.text)
    i.BootJump                               0x00000660   Section        0  bootloader.o(i.BootJump)
    i.CLOCK_DisableClock                     0x000006b4   Section        0  fw_io.o(i.CLOCK_DisableClock)
    CLOCK_DisableClock                       0x000006b5   Thumb Code    18  fw_io.o(i.CLOCK_DisableClock)
    i.CLOCK_EnableClock                      0x000006cc   Section        0  fw_io.o(i.CLOCK_EnableClock)
    CLOCK_EnableClock                        0x000006cd   Thumb Code    18  fw_io.o(i.CLOCK_EnableClock)
    i.CLOCK_GetFRG0ClkFreq                   0x000006e4   Section        0  fsl_clock.o(i.CLOCK_GetFRG0ClkFreq)
    i.CLOCK_GetFRG1ClkFreq                   0x00000708   Section        0  fsl_clock.o(i.CLOCK_GetFRG1ClkFreq)
    i.CLOCK_GetFRGInputClkFreq               0x0000072c   Section        0  fsl_clock.o(i.CLOCK_GetFRGInputClkFreq)
    CLOCK_GetFRGInputClkFreq                 0x0000072d   Thumb Code    32  fsl_clock.o(i.CLOCK_GetFRGInputClkFreq)
    i.CLOCK_GetFreq                          0x0000074c   Section        0  fsl_clock.o(i.CLOCK_GetFreq)
    i.CLOCK_GetFroFreq                       0x000007ac   Section        0  fsl_clock.o(i.CLOCK_GetFroFreq)
    i.CLOCK_GetMainClkFreq                   0x000007f4   Section        0  fsl_clock.o(i.CLOCK_GetMainClkFreq)
    i.CLOCK_GetSystemPLLFreq                 0x0000083c   Section        0  fsl_clock.o(i.CLOCK_GetSystemPLLFreq)
    CLOCK_GetSystemPLLFreq                   0x0000083d   Thumb Code    20  fsl_clock.o(i.CLOCK_GetSystemPLLFreq)
    i.CLOCK_GetSystemPLLInClockRate          0x00000854   Section        0  fsl_clock.o(i.CLOCK_GetSystemPLLInClockRate)
    i.CLOCK_InitSysOsc                       0x0000088c   Section        0  fsl_clock.o(i.CLOCK_InitSysOsc)
    i.CLOCK_SetFroOutClkSrc                  0x00000910   Section        0  fsl_clock.o(i.CLOCK_SetFroOutClkSrc)
    i.CLOCK_SetMainClkSrc                    0x00000938   Section        0  fsl_clock.o(i.CLOCK_SetMainClkSrc)
    i.CLOCK_UpdateClkSrc                     0x00000990   Section        0  fsl_clock.o(i.CLOCK_UpdateClkSrc)
    CLOCK_UpdateClkSrc                       0x00000991   Thumb Code    30  fsl_clock.o(i.CLOCK_UpdateClkSrc)
    i.PIN_INT6_USART3_DriverIRQHandler       0x000009b0   Section        0  fsl_usart.o(i.PIN_INT6_USART3_DriverIRQHandler)
    i.PIN_INT7_USART4_DriverIRQHandler       0x000009c8   Section        0  fsl_usart.o(i.PIN_INT7_USART4_DriverIRQHandler)
    i.RESET_PeripheralReset                  0x000009e0   Section        0  fsl_reset.o(i.RESET_PeripheralReset)
    i.SWM_SetMovablePinSelect                0x00000a28   Section        0  fsl_swm.o(i.SWM_SetMovablePinSelect)
    i.SystemInit                             0x00000a4c   Section        0  system_lpc845.o(i.SystemInit)
    i.SystemInitHook                         0x00000a70   Section        0  system_lpc845.o(i.SystemInitHook)
    i.USART0_DriverIRQHandler                0x00000a74   Section        0  fsl_usart.o(i.USART0_DriverIRQHandler)
    i.USART1_DriverIRQHandler                0x00000a8c   Section        0  fsl_usart.o(i.USART1_DriverIRQHandler)
    i.USART2_DriverIRQHandler                0x00000aa4   Section        0  fsl_usart.o(i.USART2_DriverIRQHandler)
    i.USART_Deinit                           0x00000abc   Section        0  fsl_usart.o(i.USART_Deinit)
    i.USART_EnableTx                         0x00000af8   Section        0  fsl_usart.o(i.USART_EnableTx)
    USART_EnableTx                           0x00000af9   Thumb Code    28  fsl_usart.o(i.USART_EnableTx)
    i.USART_GetDefaultConfig                 0x00000b14   Section        0  fsl_usart.o(i.USART_GetDefaultConfig)
    i.USART_GetInstance                      0x00000b44   Section        0  fsl_usart.o(i.USART_GetInstance)
    i.USART_Init                             0x00000b64   Section        0  fsl_usart.o(i.USART_Init)
    i.USART_SetBaudRate                      0x00000c3c   Section        0  fsl_usart.o(i.USART_SetBaudRate)
    i.USART_TransferAbortReceive             0x00000cf0   Section        0  fsl_usart.o(i.USART_TransferAbortReceive)
    i.USART_TransferAbortSend                0x00000d14   Section        0  fsl_usart.o(i.USART_TransferAbortSend)
    i.USART_TransferCreateHandle             0x00000d34   Section        0  fsl_usart.o(i.USART_TransferCreateHandle)
    i.USART_TransferGetRxRingBufferLength    0x00000da4   Section        0  fsl_usart.o(i.USART_TransferGetRxRingBufferLength)
    i.USART_TransferHandleIRQ                0x00000dc4   Section        0  fsl_usart.o(i.USART_TransferHandleIRQ)
    i.USART_TransferIsRxRingBufferFull       0x00000f04   Section        0  fsl_usart.o(i.USART_TransferIsRxRingBufferFull)
    USART_TransferIsRxRingBufferFull         0x00000f05   Thumb Code    32  fsl_usart.o(i.USART_TransferIsRxRingBufferFull)
    i.USART_TransferReceiveNonBlocking       0x00000f24   Section        0  fsl_usart.o(i.USART_TransferReceiveNonBlocking)
    i.USART_TransferSendNonBlocking          0x00000ffc   Section        0  fsl_usart.o(i.USART_TransferSendNonBlocking)
    i.USART_TransferStartRingBuffer          0x0000104c   Section        0  fsl_usart.o(i.USART_TransferStartRingBuffer)
    i.USART_TransferStopRingBuffer           0x00001070   Section        0  fsl_usart.o(i.USART_TransferStopRingBuffer)
    i.__ARM_common_switch8                   0x0000109a   Section        0  system_lpc845.o(i.__ARM_common_switch8)
    i.delay                                  0x000010b4   Section        0  loop.o(i.delay)
    i.fw_chip_init                           0x000010c8   Section        0  fw_chip.o(i.fw_chip_init)
    i.fw_chip_initCoreClock                  0x000010d8   Section        0  fw_chip.o(i.fw_chip_initCoreClock)
    i.fw_chip_iocon_pinMuxSet                0x00001138   Section        0  fw_usart.o(i.fw_chip_iocon_pinMuxSet)
    fw_chip_iocon_pinMuxSet                  0x00001139   Thumb Code    22  fw_usart.o(i.fw_chip_iocon_pinMuxSet)
    i.fw_io_deinit                           0x00001158   Section        0  fw_io.o(i.fw_io_deinit)
    fw_io_deinit                             0x00001159   Thumb Code    34  fw_io.o(i.fw_io_deinit)
    i.fw_io_entity_getDir                    0x0000117c   Section        0  fw_io.o(i.fw_io_entity_getDir)
    fw_io_entity_getDir                      0x0000117d   Thumb Code    32  fw_io.o(i.fw_io_entity_getDir)
    i.fw_io_entity_getValue                  0x000011a0   Section        0  fw_io.o(i.fw_io_entity_getValue)
    fw_io_entity_getValue                    0x000011a1   Thumb Code    16  fw_io.o(i.fw_io_entity_getValue)
    i.fw_io_entity_setDir                    0x000011b0   Section        0  fw_io.o(i.fw_io_entity_setDir)
    fw_io_entity_setDir                      0x000011b1   Thumb Code    18  fw_io.o(i.fw_io_entity_setDir)
    i.fw_io_entity_setHigh                   0x000011c2   Section        0  fw_io.o(i.fw_io_entity_setHigh)
    fw_io_entity_setHigh                     0x000011c3   Thumb Code    16  fw_io.o(i.fw_io_entity_setHigh)
    i.fw_io_entity_setInput                  0x000011d2   Section        0  fw_io.o(i.fw_io_entity_setInput)
    fw_io_entity_setInput                    0x000011d3   Thumb Code    16  fw_io.o(i.fw_io_entity_setInput)
    i.fw_io_entity_setLow                    0x000011e2   Section        0  fw_io.o(i.fw_io_entity_setLow)
    fw_io_entity_setLow                      0x000011e3   Thumb Code    16  fw_io.o(i.fw_io_entity_setLow)
    i.fw_io_entity_setOutput                 0x000011f2   Section        0  fw_io.o(i.fw_io_entity_setOutput)
    fw_io_entity_setOutput                   0x000011f3   Thumb Code    16  fw_io.o(i.fw_io_entity_setOutput)
    i.fw_io_entity_setToggle                 0x00001202   Section        0  fw_io.o(i.fw_io_entity_setToggle)
    fw_io_entity_setToggle                   0x00001203   Thumb Code    16  fw_io.o(i.fw_io_entity_setToggle)
    i.fw_io_entity_setValue                  0x00001212   Section        0  fw_io.o(i.fw_io_entity_setValue)
    fw_io_entity_setValue                    0x00001213   Thumb Code    18  fw_io.o(i.fw_io_entity_setValue)
    i.fw_io_getBase                          0x00001224   Section        0  fw_io.o(i.fw_io_getBase)
    fw_io_getBase                            0x00001225   Thumb Code    16  fw_io.o(i.fw_io_getBase)
    i.fw_io_getEntity                        0x00001238   Section        0  fw_io.o(i.fw_io_getEntity)
    fw_io_getEntity                          0x00001239   Thumb Code    26  fw_io.o(i.fw_io_getEntity)
    i.fw_io_getValue                         0x00001258   Section        0  fw_io.o(i.fw_io_getValue)
    fw_io_getValue                           0x00001259   Thumb Code    18  fw_io.o(i.fw_io_getValue)
    i.fw_io_init                             0x0000126a   Section        0  fw_io.o(i.fw_io_init)
    fw_io_init                               0x0000126b   Thumb Code    58  fw_io.o(i.fw_io_init)
    i.fw_io_port_clear                       0x000012a4   Section        0  fw_io.o(i.fw_io_port_clear)
    fw_io_port_clear                         0x000012a5   Thumb Code    24  fw_io.o(i.fw_io_port_clear)
    i.fw_io_port_dir                         0x000012bc   Section        0  fw_io.o(i.fw_io_port_dir)
    fw_io_port_dir                           0x000012bd   Thumb Code    24  fw_io.o(i.fw_io_port_dir)
    i.fw_io_port_dirClear                    0x000012d4   Section        0  fw_io.o(i.fw_io_port_dirClear)
    fw_io_port_dirClear                      0x000012d5   Thumb Code    24  fw_io.o(i.fw_io_port_dirClear)
    i.fw_io_port_dirSet                      0x000012ec   Section        0  fw_io.o(i.fw_io_port_dirSet)
    fw_io_port_dirSet                        0x000012ed   Thumb Code    24  fw_io.o(i.fw_io_port_dirSet)
    i.fw_io_port_read                        0x00001304   Section        0  fw_io.o(i.fw_io_port_read)
    fw_io_port_read                          0x00001305   Thumb Code    22  fw_io.o(i.fw_io_port_read)
    i.fw_io_port_set                         0x0000131a   Section        0  fw_io.o(i.fw_io_port_set)
    fw_io_port_set                           0x0000131b   Thumb Code    24  fw_io.o(i.fw_io_port_set)
    i.fw_io_port_toggle                      0x00001332   Section        0  fw_io.o(i.fw_io_port_toggle)
    fw_io_port_toggle                        0x00001333   Thumb Code    24  fw_io.o(i.fw_io_port_toggle)
    i.fw_io_setDir                           0x0000134a   Section        0  fw_io.o(i.fw_io_setDir)
    fw_io_setDir                             0x0000134b   Thumb Code    46  fw_io.o(i.fw_io_setDir)
    i.fw_io_setHigh                          0x00001378   Section        0  fw_io.o(i.fw_io_setHigh)
    fw_io_setHigh                            0x00001379   Thumb Code    20  fw_io.o(i.fw_io_setHigh)
    i.fw_io_setInput                         0x0000138c   Section        0  fw_io.o(i.fw_io_setInput)
    fw_io_setInput                           0x0000138d   Thumb Code    32  fw_io.o(i.fw_io_setInput)
    i.fw_io_setLow                           0x000013ac   Section        0  fw_io.o(i.fw_io_setLow)
    fw_io_setLow                             0x000013ad   Thumb Code    20  fw_io.o(i.fw_io_setLow)
    i.fw_io_setOutput                        0x000013c0   Section        0  fw_io.o(i.fw_io_setOutput)
    fw_io_setOutput                          0x000013c1   Thumb Code    32  fw_io.o(i.fw_io_setOutput)
    i.fw_io_setToggle                        0x000013e0   Section        0  fw_io.o(i.fw_io_setToggle)
    fw_io_setToggle                          0x000013e1   Thumb Code    32  fw_io.o(i.fw_io_setToggle)
    i.fw_io_setValue                         0x00001400   Section        0  fw_io.o(i.fw_io_setValue)
    fw_io_setValue                           0x00001401   Thumb Code    20  fw_io.o(i.fw_io_setValue)
    i.fw_usart_abortReceive                  0x00001414   Section        0  fw_usart.o(i.fw_usart_abortReceive)
    fw_usart_abortReceive                    0x00001415   Thumb Code    38  fw_usart.o(i.fw_usart_abortReceive)
    i.fw_usart_abortSend                     0x0000143a   Section        0  fw_usart.o(i.fw_usart_abortSend)
    fw_usart_abortSend                       0x0000143b   Thumb Code    38  fw_usart.o(i.fw_usart_abortSend)
    i.fw_usart_callback_handle               0x00001460   Section        0  fw_usart.o(i.fw_usart_callback_handle)
    fw_usart_callback_handle                 0x00001461   Thumb Code    72  fw_usart.o(i.fw_usart_callback_handle)
    i.fw_usart_deinit                        0x000014ac   Section        0  fw_usart.o(i.fw_usart_deinit)
    fw_usart_deinit                          0x000014ad   Thumb Code    24  fw_usart.o(i.fw_usart_deinit)
    i.fw_usart_entity_abortReceive           0x000014c4   Section        0  fw_usart.o(i.fw_usart_entity_abortReceive)
    fw_usart_entity_abortReceive             0x000014c5   Thumb Code    12  fw_usart.o(i.fw_usart_entity_abortReceive)
    i.fw_usart_entity_abortSend              0x000014d0   Section        0  fw_usart.o(i.fw_usart_entity_abortSend)
    fw_usart_entity_abortSend                0x000014d1   Thumb Code    12  fw_usart.o(i.fw_usart_entity_abortSend)
    i.fw_usart_entity_reciver                0x000014dc   Section        0  fw_usart.o(i.fw_usart_entity_reciver)
    fw_usart_entity_reciver                  0x000014dd   Thumb Code    14  fw_usart.o(i.fw_usart_entity_reciver)
    i.fw_usart_entity_send                   0x000014ea   Section        0  fw_usart.o(i.fw_usart_entity_send)
    fw_usart_entity_send                     0x000014eb   Thumb Code    14  fw_usart.o(i.fw_usart_entity_send)
    i.fw_usart_entity_setBaudrate            0x000014f8   Section        0  fw_usart.o(i.fw_usart_entity_setBaudrate)
    fw_usart_entity_setBaudrate              0x000014f9   Thumb Code    14  fw_usart.o(i.fw_usart_entity_setBaudrate)
    i.fw_usart_getEntity                     0x00001508   Section        0  fw_usart.o(i.fw_usart_getEntity)
    fw_usart_getEntity                       0x00001509   Thumb Code    22  fw_usart.o(i.fw_usart_getEntity)
    i.fw_usart_getHandleMem                  0x00001524   Section        0  fw_usart.o(i.fw_usart_getHandleMem)
    fw_usart_getHandleMem                    0x00001525   Thumb Code    22  fw_usart.o(i.fw_usart_getHandleMem)
    i.fw_usart_getHwConf                     0x00001540   Section        0  fw_usart.o(i.fw_usart_getHwConf)
    fw_usart_getHwConf                       0x00001541   Thumb Code    20  fw_usart.o(i.fw_usart_getHwConf)
    i.fw_usart_getHwInfo                     0x00001558   Section        0  fw_usart.o(i.fw_usart_getHwInfo)
    fw_usart_getHwInfo                       0x00001559   Thumb Code    18  fw_usart.o(i.fw_usart_getHwInfo)
    i.fw_usart_init                          0x00001570   Section        0  fw_usart.o(i.fw_usart_init)
    fw_usart_init                            0x00001571   Thumb Code   124  fw_usart.o(i.fw_usart_init)
    i.fw_usart_reciver                       0x000015f4   Section        0  fw_usart.o(i.fw_usart_reciver)
    fw_usart_reciver                         0x000015f5   Thumb Code    78  fw_usart.o(i.fw_usart_reciver)
    i.fw_usart_send                          0x00001642   Section        0  fw_usart.o(i.fw_usart_send)
    fw_usart_send                            0x00001643   Thumb Code    70  fw_usart.o(i.fw_usart_send)
    i.fw_usart_setPin                        0x00001688   Section        0  fw_usart.o(i.fw_usart_setPin)
    fw_usart_setPin                          0x00001689   Thumb Code   150  fw_usart.o(i.fw_usart_setPin)
    i.fw_usart_setting_ringBufferDisable     0x00001728   Section        0  fw_usart.o(i.fw_usart_setting_ringBufferDisable)
    fw_usart_setting_ringBufferDisable       0x00001729   Thumb Code    30  fw_usart.o(i.fw_usart_setting_ringBufferDisable)
    i.fw_usart_setting_ringBufferEnable      0x00001746   Section        0  fw_usart.o(i.fw_usart_setting_ringBufferEnable)
    fw_usart_setting_ringBufferEnable        0x00001747   Thumb Code    38  fw_usart.o(i.fw_usart_setting_ringBufferEnable)
    i.fw_usart_setting_setBaudrate           0x0000176c   Section        0  fw_usart.o(i.fw_usart_setting_setBaudrate)
    fw_usart_setting_setBaudrate             0x0000176d   Thumb Code    38  fw_usart.o(i.fw_usart_setting_setBaudrate)
    i.loop                                   0x00001794   Section        0  loop.o(i.loop)
    i.main                                   0x000017c0   Section        0  main.o(i.main)
    i.periph_io_init                         0x000017cc   Section        0  periph_io.o(i.periph_io_init)
    periph_io_init                           0x000017cd   Thumb Code    96  periph_io.o(i.periph_io_init)
    i.periph_io_startup                      0x00001838   Section        0  periph_io.o(i.periph_io_startup)
    i.start                                  0x00001840   Section        0  start.o(i.start)
    i.start_hw                               0x00001850   Section        0  start.o(i.start_hw)
    .constdata                               0x0000186c   Section        4  fw_define.o(.constdata)
    .constdata                               0x00001870   Section        8  fw_define.o(.constdata)
    .constdata                               0x00001878   Section      100  fw_define.o(.constdata)
    .constdata                               0x000018dc   Section       54  fw_chip.o(.constdata)
    .constdata                               0x00001914   Section       76  fw_io.o(.constdata)
    .constdata                               0x00001960   Section       36  fw_io.o(.constdata)
    .constdata                               0x00001984   Section        8  fw_io.o(.constdata)
    .constdata                               0x0000198c   Section       48  fw_usart.o(.constdata)
    fw_usart_hwInfo                          0x00001994   Data          40  fw_usart.o(.constdata)
    .constdata                               0x000019bc   Section       40  fw_usart.o(.constdata)
    .constdata                               0x000019e4   Section       20  fw_usart.o(.constdata)
    .constdata                               0x000019f8   Section       60  fsl_usart.o(.constdata)
    s_usartIRQ                               0x000019f8   Data           5  fsl_usart.o(.constdata)
    s_usartBaseAddrs                         0x00001a00   Data          20  fsl_usart.o(.constdata)
    s_usartClock                             0x00001a14   Data          10  fsl_usart.o(.constdata)
    s_usartRest                              0x00001a20   Data          20  fsl_usart.o(.constdata)
    .data                                    0x10000000   Section        4  system_lpc845.o(.data)
    .data                                    0x10000004   Section        8  fsl_clock.o(.data)
    .data                                    0x1000000c   Section        4  fsl_usart.o(.data)
    s_usartIsr                               0x1000000c   Data           4  fsl_usart.o(.data)
    .bss                                     0x10000010   Section       64  periph_io.o(.bss)
    .bss                                     0x10000050   Section       92  fw_define.o(.bss)
    fw_usart0_handleMem                      0x10000050   Data          92  fw_define.o(.bss)
    .bss                                     0x100000ac   Section       20  fsl_usart.o(.bss)
    s_usartHandle                            0x100000ac   Data          20  fsl_usart.o(.bss)

    Global Symbols

    Symbol Name                              Value     Ov Type        Size  Object(Section)

    BuildAttributes$$THM_ISAv3M$S$PE$A:L22$X:L11$S22$IEEE1$IW$USESV6$~STKCKD$USESV7$~SHL$OSPACE$ROPI$EBA8$UX$STANDARDLIB$REQ8$PRES8$EABIv2 0x00000000   Number         0  anon$$obj.o ABSOLUTE
    __ARM_use_no_argv                        0x00000000   Number         0  main.o ABSOLUTE
    __Vectors                                0x00000000   Data           4  startup_lpc845.o(RESET)
    Image$$ZI$$Limit                          - Undefined Weak Reference
    __ARM_exceptions_init                     - Undefined Weak Reference
    __alloca_initialize                       - Undefined Weak Reference
    __arm_preinit_                            - Undefined Weak Reference
    __cpp_initialize__aeabi_                  - Undefined Weak Reference
    __cxa_finalize                            - Undefined Weak Reference
    __rt_locale                               - Undefined Weak Reference
    __sigvec_lookup                           - Undefined Weak Reference
    _atexit_init                              - Undefined Weak Reference
    _call_atexit_fns                          - Undefined Weak Reference
    _clock_init                               - Undefined Weak Reference
    _fp_trap_init                             - Undefined Weak Reference
    _fp_trap_shutdown                         - Undefined Weak Reference
    _get_lc_collate                           - Undefined Weak Reference
    _get_lc_ctype                             - Undefined Weak Reference
    _get_lc_monetary                          - Undefined Weak Reference
    _get_lc_numeric                           - Undefined Weak Reference
    _get_lc_time                              - Undefined Weak Reference
    _getenv_init                              - Undefined Weak Reference
    _handle_redirection                       - Undefined Weak Reference
    _init_alloc                               - Undefined Weak Reference
    _init_user_alloc                          - Undefined Weak Reference
    _initio                                   - Undefined Weak Reference
    _rand_init                                - Undefined Weak Reference
    _signal_finish                            - Undefined Weak Reference
    _signal_init                              - Undefined Weak Reference
    _terminate_alloc                          - Undefined Weak Reference
    _terminate_user_alloc                     - Undefined Weak Reference
    _terminateio                              - Undefined Weak Reference
    __main                                   0x00000141   Thumb Code     8  __main.o(!!!main)
    __scatterload                            0x00000149   Thumb Code     0  __scatter.o(!!!scatter)
    __scatterload_rt2                        0x00000149   Thumb Code    52  __scatter.o(!!!scatter)
    __scatterload_rt2_thumb_only             0x00000149   Thumb Code     0  __scatter.o(!!!scatter)
    __scatterload_null                       0x00000159   Thumb Code     0  __scatter.o(!!!scatter)
    __scatterload_copy                       0x00000185   Thumb Code    26  __scatter_copy.o(!!handler_copy)
    __scatterload_zeroinit                   0x000001a1   Thumb Code    28  __scatter_zi.o(!!handler_zi)
    __rt_lib_init                            0x000001bd   Thumb Code     0  libinit.o(.ARM.Collect$$libinit$$00000000)
    __rt_lib_init_alloca_1                   0x000001bf   Thumb Code     0  libinit2.o(.ARM.Collect$$libinit$$0000002E)
    __rt_lib_init_argv_1                     0x000001bf   Thumb Code     0  libinit2.o(.ARM.Collect$$libinit$$0000002C)
    __rt_lib_init_atexit_1                   0x000001bf   Thumb Code     0  libinit2.o(.ARM.Collect$$libinit$$0000001B)
    __rt_lib_init_clock_1                    0x000001bf   Thumb Code     0  libinit2.o(.ARM.Collect$$libinit$$00000021)
    __rt_lib_init_cpp_1                      0x000001bf   Thumb Code     0  libinit2.o(.ARM.Collect$$libinit$$00000032)
    __rt_lib_init_exceptions_1               0x000001bf   Thumb Code     0  libinit2.o(.ARM.Collect$$libinit$$00000030)
    __rt_lib_init_fp_1                       0x000001bf   Thumb Code     0  libinit2.o(.ARM.Collect$$libinit$$00000002)
    __rt_lib_init_fp_trap_1                  0x000001bf   Thumb Code     0  libinit2.o(.ARM.Collect$$libinit$$0000001F)
    __rt_lib_init_getenv_1                   0x000001bf   Thumb Code     0  libinit2.o(.ARM.Collect$$libinit$$00000023)
    __rt_lib_init_heap_1                     0x000001bf   Thumb Code     0  libinit2.o(.ARM.Collect$$libinit$$0000000A)
    __rt_lib_init_lc_collate_1               0x000001bf   Thumb Code     0  libinit2.o(.ARM.Collect$$libinit$$00000011)
    __rt_lib_init_lc_ctype_1                 0x000001bf   Thumb Code     0  libinit2.o(.ARM.Collect$$libinit$$00000013)
    __rt_lib_init_lc_monetary_1              0x000001bf   Thumb Code     0  libinit2.o(.ARM.Collect$$libinit$$00000015)
    __rt_lib_init_lc_numeric_1               0x000001bf   Thumb Code     0  libinit2.o(.ARM.Collect$$libinit$$00000017)
    __rt_lib_init_lc_time_1                  0x000001bf   Thumb Code     0  libinit2.o(.ARM.Collect$$libinit$$00000019)
    __rt_lib_init_preinit_1                  0x000001bf   Thumb Code     0  libinit2.o(.ARM.Collect$$libinit$$00000004)
    __rt_lib_init_rand_1                     0x000001bf   Thumb Code     0  libinit2.o(.ARM.Collect$$libinit$$0000000E)
    __rt_lib_init_return                     0x000001bf   Thumb Code     0  libinit2.o(.ARM.Collect$$libinit$$00000033)
    __rt_lib_init_signal_1                   0x000001bf   Thumb Code     0  libinit2.o(.ARM.Collect$$libinit$$0000001D)
    __rt_lib_init_stdio_1                    0x000001bf   Thumb Code     0  libinit2.o(.ARM.Collect$$libinit$$00000025)
    __rt_lib_init_user_alloc_1               0x000001bf   Thumb Code     0  libinit2.o(.ARM.Collect$$libinit$$0000000C)
    __rt_lib_shutdown                        0x000001c1   Thumb Code     0  libshutdown.o(.ARM.Collect$$libshutdown$$00000000)
    __rt_lib_shutdown_cpp_1                  0x000001c3   Thumb Code     0  libshutdown2.o(.ARM.Collect$$libshutdown$$00000002)
    __rt_lib_shutdown_fp_trap_1              0x000001c3   Thumb Code     0  libshutdown2.o(.ARM.Collect$$libshutdown$$00000007)
    __rt_lib_shutdown_heap_1                 0x000001c3   Thumb Code     0  libshutdown2.o(.ARM.Collect$$libshutdown$$0000000F)
    __rt_lib_shutdown_return                 0x000001c3   Thumb Code     0  libshutdown2.o(.ARM.Collect$$libshutdown$$00000010)
    __rt_lib_shutdown_signal_1               0x000001c3   Thumb Code     0  libshutdown2.o(.ARM.Collect$$libshutdown$$0000000A)
    __rt_lib_shutdown_stdio_1                0x000001c3   Thumb Code     0  libshutdown2.o(.ARM.Collect$$libshutdown$$00000004)
    __rt_lib_shutdown_user_alloc_1           0x000001c3   Thumb Code     0  libshutdown2.o(.ARM.Collect$$libshutdown$$0000000C)
    __rt_entry                               0x000001c5   Thumb Code     0  __rtentry.o(.ARM.Collect$$rtentry$$00000000)
    __rt_entry_presh_1                       0x000001c5   Thumb Code     0  __rtentry2.o(.ARM.Collect$$rtentry$$00000002)
    __rt_entry_sh                            0x000001c5   Thumb Code     0  __rtentry7.o(.ARM.Collect$$rtentry$$00000007)
    __rt_entry_li                            0x000001c9   Thumb Code     0  __rtentry2.o(.ARM.Collect$$rtentry$$0000000A)
    __rt_entry_postsh_1                      0x000001c9   Thumb Code     0  __rtentry2.o(.ARM.Collect$$rtentry$$00000009)
    __rt_entry_main                          0x000001cd   Thumb Code     0  __rtentry2.o(.ARM.Collect$$rtentry$$0000000D)
    __rt_entry_postli_1                      0x000001cd   Thumb Code     0  __rtentry2.o(.ARM.Collect$$rtentry$$0000000C)
    __rt_exit                                0x000001d9   Thumb Code     0  rtexit.o(.ARM.Collect$$rtexit$$00000000)
    __rt_exit_ls                             0x000001db   Thumb Code     0  rtexit2.o(.ARM.Collect$$rtexit$$00000003)
    __rt_exit_prels_1                        0x000001db   Thumb Code     0  rtexit2.o(.ARM.Collect$$rtexit$$00000002)
    __rt_exit_exit                           0x000001df   Thumb Code     0  rtexit2.o(.ARM.Collect$$rtexit$$00000004)
    BootJumpASM                              0x000001e5   Thumb Code     6  bootloader.o(.emb_text)
    Reset_Handler                            0x000001ed   Thumb Code     8  startup_lpc845.o(.text)
    NMI_Handler                              0x000001f5   Thumb Code     2  startup_lpc845.o(.text)
    HardFault_Handler                        0x000001f7   Thumb Code     2  startup_lpc845.o(.text)
    SVC_Handler                              0x000001f9   Thumb Code     2  startup_lpc845.o(.text)
    PendSV_Handler                           0x000001fb   Thumb Code     2  startup_lpc845.o(.text)
    SysTick_Handler                          0x000001fd   Thumb Code     2  startup_lpc845.o(.text)
    SPI0_IRQHandler                          0x000001ff   Thumb Code     4  startup_lpc845.o(.text)
    SPI1_IRQHandler                          0x00000203   Thumb Code     4  startup_lpc845.o(.text)
    DAC0_IRQHandler                          0x00000207   Thumb Code     4  startup_lpc845.o(.text)
    USART0_IRQHandler                        0x0000020b   Thumb Code     4  startup_lpc845.o(.text)
    USART1_IRQHandler                        0x0000020f   Thumb Code     4  startup_lpc845.o(.text)
    USART2_IRQHandler                        0x00000213   Thumb Code     4  startup_lpc845.o(.text)
    Reserved22_IRQHandler                    0x00000217   Thumb Code     4  startup_lpc845.o(.text)
    I2C1_IRQHandler                          0x0000021b   Thumb Code     4  startup_lpc845.o(.text)
    I2C0_IRQHandler                          0x0000021f   Thumb Code     4  startup_lpc845.o(.text)
    SCT0_IRQHandler                          0x00000223   Thumb Code     4  startup_lpc845.o(.text)
    MRT0_IRQHandler                          0x00000227   Thumb Code     4  startup_lpc845.o(.text)
    CMP_CAPT_IRQHandler                      0x0000022b   Thumb Code     4  startup_lpc845.o(.text)
    WDT_IRQHandler                           0x0000022f   Thumb Code     4  startup_lpc845.o(.text)
    BOD_IRQHandler                           0x00000233   Thumb Code     4  startup_lpc845.o(.text)
    FLASH_IRQHandler                         0x00000237   Thumb Code     4  startup_lpc845.o(.text)
    WKT_IRQHandler                           0x0000023b   Thumb Code     4  startup_lpc845.o(.text)
    ADC0_SEQA_IRQHandler                     0x0000023f   Thumb Code     4  startup_lpc845.o(.text)
    ADC0_SEQB_IRQHandler                     0x00000243   Thumb Code     4  startup_lpc845.o(.text)
    ADC0_THCMP_IRQHandler                    0x00000247   Thumb Code     4  startup_lpc845.o(.text)
    ADC0_OVR_IRQHandler                      0x0000024b   Thumb Code     4  startup_lpc845.o(.text)
    DMA0_IRQHandler                          0x0000024f   Thumb Code     4  startup_lpc845.o(.text)
    I2C2_IRQHandler                          0x00000253   Thumb Code     4  startup_lpc845.o(.text)
    I2C3_IRQHandler                          0x00000257   Thumb Code     4  startup_lpc845.o(.text)
    CTIMER0_IRQHandler                       0x0000025b   Thumb Code     4  startup_lpc845.o(.text)
    PIN_INT0_IRQHandler                      0x0000025f   Thumb Code     4  startup_lpc845.o(.text)
    PIN_INT1_IRQHandler                      0x00000263   Thumb Code     4  startup_lpc845.o(.text)
    PIN_INT2_IRQHandler                      0x00000267   Thumb Code     4  startup_lpc845.o(.text)
    PIN_INT3_IRQHandler                      0x0000026b   Thumb Code     4  startup_lpc845.o(.text)
    PIN_INT4_IRQHandler                      0x0000026f   Thumb Code     4  startup_lpc845.o(.text)
    PIN_INT5_DAC1_IRQHandler                 0x00000273   Thumb Code     4  startup_lpc845.o(.text)
    PIN_INT6_USART3_IRQHandler               0x00000277   Thumb Code     4  startup_lpc845.o(.text)
    PIN_INT7_USART4_IRQHandler               0x0000027b   Thumb Code     4  startup_lpc845.o(.text)
    ADC0_OVR_DriverIRQHandler                0x0000027f   Thumb Code     0  startup_lpc845.o(.text)
    ADC0_SEQA_DriverIRQHandler               0x0000027f   Thumb Code     0  startup_lpc845.o(.text)
    ADC0_SEQB_DriverIRQHandler               0x0000027f   Thumb Code     0  startup_lpc845.o(.text)
    ADC0_THCMP_DriverIRQHandler              0x0000027f   Thumb Code     0  startup_lpc845.o(.text)
    BOD_DriverIRQHandler                     0x0000027f   Thumb Code     0  startup_lpc845.o(.text)
    CMP_CAPT_DriverIRQHandler                0x0000027f   Thumb Code     0  startup_lpc845.o(.text)
    CTIMER0_DriverIRQHandler                 0x0000027f   Thumb Code     0  startup_lpc845.o(.text)
    DAC0_DriverIRQHandler                    0x0000027f   Thumb Code     0  startup_lpc845.o(.text)
    DMA0_DriverIRQHandler                    0x0000027f   Thumb Code     0  startup_lpc845.o(.text)
    FLASH_DriverIRQHandler                   0x0000027f   Thumb Code     0  startup_lpc845.o(.text)
    I2C0_DriverIRQHandler                    0x0000027f   Thumb Code     0  startup_lpc845.o(.text)
    I2C1_DriverIRQHandler                    0x0000027f   Thumb Code     0  startup_lpc845.o(.text)
    I2C2_DriverIRQHandler                    0x0000027f   Thumb Code     0  startup_lpc845.o(.text)
    I2C3_DriverIRQHandler                    0x0000027f   Thumb Code     0  startup_lpc845.o(.text)
    MRT0_DriverIRQHandler                    0x0000027f   Thumb Code     0  startup_lpc845.o(.text)
    PIN_INT0_DriverIRQHandler                0x0000027f   Thumb Code     0  startup_lpc845.o(.text)
    PIN_INT1_DriverIRQHandler                0x0000027f   Thumb Code     0  startup_lpc845.o(.text)
    PIN_INT2_DriverIRQHandler                0x0000027f   Thumb Code     0  startup_lpc845.o(.text)
    PIN_INT3_DriverIRQHandler                0x0000027f   Thumb Code     0  startup_lpc845.o(.text)
    PIN_INT4_DriverIRQHandler                0x0000027f   Thumb Code     0  startup_lpc845.o(.text)
    PIN_INT5_DAC1_DriverIRQHandler           0x0000027f   Thumb Code     0  startup_lpc845.o(.text)
    Reserved22_DriverIRQHandler              0x0000027f   Thumb Code     0  startup_lpc845.o(.text)
    SCT0_DriverIRQHandler                    0x0000027f   Thumb Code     0  startup_lpc845.o(.text)
    SPI0_DriverIRQHandler                    0x0000027f   Thumb Code     0  startup_lpc845.o(.text)
    SPI1_DriverIRQHandler                    0x0000027f   Thumb Code     0  startup_lpc845.o(.text)
    WDT_DriverIRQHandler                     0x0000027f   Thumb Code     0  startup_lpc845.o(.text)
    WKT_DriverIRQHandler                     0x0000027f   Thumb Code     0  startup_lpc845.o(.text)
    __aeabi_uldivmod                         0x00000309   Thumb Code   258  lludiv.o(.text)
    _ll_udiv                                 0x00000309   Thumb Code     0  lludiv.o(.text)
    abort                                    0x0000040b   Thumb Code    20  abort.o(.text)
    _memset_w                                0x0000041f   Thumb Code    26  rt_memclr.o(.text)
    _memset                                  0x00000439   Thumb Code    30  rt_memclr.o(.text)
    __aeabi_memclr                           0x00000457   Thumb Code     4  rt_memclr.o(.text)
    __rt_memclr                              0x00000457   Thumb Code     0  rt_memclr.o(.text)
    __aeabi_memclr4                          0x0000045b   Thumb Code     0  rt_memclr.o(.text)
    __aeabi_memclr8                          0x0000045b   Thumb Code     0  rt_memclr.o(.text)
    __rt_memclr_w                            0x0000045b   Thumb Code     4  rt_memclr.o(.text)
    __aeabi_uidiv                            0x0000045f   Thumb Code     0  aeabi_sdiv.o(.text)
    __aeabi_uidivmod                         0x0000045f   Thumb Code    20  aeabi_sdiv.o(.text)
    __aeabi_idiv                             0x00000473   Thumb Code     0  aeabi_sdiv.o(.text)
    __aeabi_idivmod                          0x00000473   Thumb Code   326  aeabi_sdiv.o(.text)
    _sys_exit                                0x000005b9   Thumb Code     8  sys_exit.o(.text)
    __rt_SIGABRT                             0x000005c5   Thumb Code    12  defsig_abrt_outer.o(.text)
    __I$use$semihosting                      0x000005d1   Thumb Code     0  use_no_semi.o(.text)
    __use_no_semihosting_swi                 0x000005d1   Thumb Code     2  use_no_semi.o(.text)
    __semihosting_library_function           0x000005d3   Thumb Code     0  indicate_semi.o(.text)
    __sig_exit                               0x000005d3   Thumb Code    12  defsig_exit.o(.text)
    __rt_SIGABRT_inner                       0x000005e1   Thumb Code    14  defsig_abrt_inner.o(.text)
    exit                                     0x00000611   Thumb Code    16  exit.o(.text)
    __default_signal_display                 0x00000621   Thumb Code    52  defsig_general.o(.text)
    _ttywrch                                 0x00000655   Thumb Code    12  sys_wrch.o(.text)
    BootJump                                 0x00000661   Thumb Code    66  bootloader.o(i.BootJump)
    CLOCK_GetFRG0ClkFreq                     0x000006e5   Thumb Code    32  fsl_clock.o(i.CLOCK_GetFRG0ClkFreq)
    CLOCK_GetFRG1ClkFreq                     0x00000709   Thumb Code    32  fsl_clock.o(i.CLOCK_GetFRG1ClkFreq)
    CLOCK_GetFreq                            0x0000074d   Thumb Code    88  fsl_clock.o(i.CLOCK_GetFreq)
    CLOCK_GetFroFreq                         0x000007ad   Thumb Code    52  fsl_clock.o(i.CLOCK_GetFroFreq)
    CLOCK_GetMainClkFreq                     0x000007f5   Thumb Code    64  fsl_clock.o(i.CLOCK_GetMainClkFreq)
    CLOCK_GetSystemPLLInClockRate            0x00000855   Thumb Code    48  fsl_clock.o(i.CLOCK_GetSystemPLLInClockRate)
    CLOCK_InitSysOsc                         0x0000088d   Thumb Code   104  fsl_clock.o(i.CLOCK_InitSysOsc)
    CLOCK_SetFroOutClkSrc                    0x00000911   Thumb Code    36  fsl_clock.o(i.CLOCK_SetFroOutClkSrc)
    CLOCK_SetMainClkSrc                      0x00000939   Thumb Code    82  fsl_clock.o(i.CLOCK_SetMainClkSrc)
    PIN_INT6_USART3_DriverIRQHandler         0x000009b1   Thumb Code    12  fsl_usart.o(i.PIN_INT6_USART3_DriverIRQHandler)
    PIN_INT7_USART4_DriverIRQHandler         0x000009c9   Thumb Code    12  fsl_usart.o(i.PIN_INT7_USART4_DriverIRQHandler)
    RESET_PeripheralReset                    0x000009e1   Thumb Code    68  fsl_reset.o(i.RESET_PeripheralReset)
    SWM_SetMovablePinSelect                  0x00000a29   Thumb Code    34  fsl_swm.o(i.SWM_SetMovablePinSelect)
    SystemInit                               0x00000a4d   Thumb Code    20  system_lpc845.o(i.SystemInit)
    SystemInitHook                           0x00000a71   Thumb Code     2  system_lpc845.o(i.SystemInitHook)
    USART0_DriverIRQHandler                  0x00000a75   Thumb Code    12  fsl_usart.o(i.USART0_DriverIRQHandler)
    USART1_DriverIRQHandler                  0x00000a8d   Thumb Code    12  fsl_usart.o(i.USART1_DriverIRQHandler)
    USART2_DriverIRQHandler                  0x00000aa5   Thumb Code    12  fsl_usart.o(i.USART2_DriverIRQHandler)
    USART_Deinit                             0x00000abd   Thumb Code    52  fsl_usart.o(i.USART_Deinit)
    USART_GetDefaultConfig                   0x00000b15   Thumb Code    46  fsl_usart.o(i.USART_GetDefaultConfig)
    USART_GetInstance                        0x00000b45   Thumb Code    28  fsl_usart.o(i.USART_GetInstance)
    USART_Init                               0x00000b65   Thumb Code   202  fsl_usart.o(i.USART_Init)
    USART_SetBaudRate                        0x00000c3d   Thumb Code   170  fsl_usart.o(i.USART_SetBaudRate)
    USART_TransferAbortReceive               0x00000cf1   Thumb Code    36  fsl_usart.o(i.USART_TransferAbortReceive)
    USART_TransferAbortSend                  0x00000d15   Thumb Code    30  fsl_usart.o(i.USART_TransferAbortSend)
    USART_TransferCreateHandle               0x00000d35   Thumb Code    92  fsl_usart.o(i.USART_TransferCreateHandle)
    USART_TransferGetRxRingBufferLength      0x00000da5   Thumb Code    30  fsl_usart.o(i.USART_TransferGetRxRingBufferLength)
    USART_TransferHandleIRQ                  0x00000dc5   Thumb Code   316  fsl_usart.o(i.USART_TransferHandleIRQ)
    USART_TransferReceiveNonBlocking         0x00000f25   Thumb Code   212  fsl_usart.o(i.USART_TransferReceiveNonBlocking)
    USART_TransferSendNonBlocking            0x00000ffd   Thumb Code    74  fsl_usart.o(i.USART_TransferSendNonBlocking)
    USART_TransferStartRingBuffer            0x0000104d   Thumb Code    36  fsl_usart.o(i.USART_TransferStartRingBuffer)
    USART_TransferStopRingBuffer             0x00001071   Thumb Code    42  fsl_usart.o(i.USART_TransferStopRingBuffer)
    __ARM_common_switch8                     0x0000109b   Thumb Code    26  system_lpc845.o(i.__ARM_common_switch8)
    delay                                    0x000010b5   Thumb Code    20  loop.o(i.delay)
    fw_chip_init                             0x000010c9   Thumb Code    12  fw_chip.o(i.fw_chip_init)
    fw_chip_initCoreClock                    0x000010d9   Thumb Code    76  fw_chip.o(i.fw_chip_initCoreClock)
    loop                                     0x00001795   Thumb Code    34  loop.o(i.loop)
    main                                     0x000017c1   Thumb Code    10  main.o(i.main)
    periph_io_startup                        0x00001839   Thumb Code     8  periph_io.o(i.periph_io_startup)
    start                                    0x00001841   Thumb Code    16  start.o(i.start)
    start_hw                                 0x00001851   Thumb Code    20  start.o(i.start_hw)
    fw_define_system                         0x0000186c   Data           4  fw_define.o(.constdata)
    fw_define_io                             0x00001870   Data           8  fw_define.o(.constdata)
    fw_define_usart                          0x00001878   Data         100  fw_define.o(.constdata)
    fw_io_ioconMap                           0x000018dc   Data          54  fw_chip.o(.constdata)
    fw_io_api                                0x00001914   Data          76  fw_io.o(.constdata)
    fw_io_entity_api                         0x00001960   Data          36  fw_io.o(.constdata)
    fw_usart_api                             0x000019bc   Data          40  fw_usart.o(.constdata)
    fw_usart_entity_api                      0x000019e4   Data          20  fw_usart.o(.constdata)
    Region$$Table$$Base                      0x00001a34   Number         0  anon$$obj.o(Region$$Table)
    Region$$Table$$Limit                     0x00001a54   Number         0  anon$$obj.o(Region$$Table)
    SystemCoreClock                          0x10000000   Data           4  system_lpc845.o(.data)
    g_Ext_Clk_Freq                           0x10000004   Data           4  fsl_clock.o(.data)
    g_Wdt_Osc_Freq                           0x10000008   Data           4  fsl_clock.o(.data)
    LED                                      0x10000010   Data          64  periph_io.o(.bss)
    Image$$ARM_LIB_HEAP$$ZI$$Base            0x100000c0   Number         0  anon$$obj.o ABSOLUTE
    Image$$ARM_LIB_HEAP$$ZI$$Limit           0x100004c0   Number         0  anon$$obj.o ABSOLUTE
    Image$$ARM_LIB_STACK$$ZI$$Limit          0x10004000   Number         0  anon$$obj.o ABSOLUTE



==============================================================================

Memory Map of the image

  Image Entry point : 0x00000141

  Load Region LR_m_text (Base: 0x00000140, Size: 0x00001924, Max: 0x00002ec0, ABSOLUTE)

    Execution Region ER_m_text (Exec base: 0x00000140, Load base: 0x00000140, Size: 0x00001914, Max: 0x00002ec0, ABSOLUTE, FIXED)

    Exec Addr    Load Addr    Size         Type   Attr      Idx    E Section Name        Object

    0x00000140   0x00000140   0x00000008   Code   RO         1182  * !!!main             c_p.l(__main.o)
    0x00000148   0x00000148   0x0000003c   Code   RO         1370    !!!scatter          c_p.l(__scatter.o)
    0x00000184   0x00000184   0x0000001a   Code   RO         1372    !!handler_copy      c_p.l(__scatter_copy.o)
    0x0000019e   0x0000019e   0x00000002   PAD
    0x000001a0   0x000001a0   0x0000001c   Code   RO         1374    !!handler_zi        c_p.l(__scatter_zi.o)
    0x000001bc   0x000001bc   0x00000002   Code   RO         1248    .ARM.Collect$$libinit$$00000000  c_p.l(libinit.o)
    0x000001be   0x000001be   0x00000000   Code   RO         1264    .ARM.Collect$$libinit$$00000002  c_p.l(libinit2.o)
    0x000001be   0x000001be   0x00000000   Code   RO         1266    .ARM.Collect$$libinit$$00000004  c_p.l(libinit2.o)
    0x000001be   0x000001be   0x00000000   Code   RO         1269    .ARM.Collect$$libinit$$0000000A  c_p.l(libinit2.o)
    0x000001be   0x000001be   0x00000000   Code   RO         1271    .ARM.Collect$$libinit$$0000000C  c_p.l(libinit2.o)
    0x000001be   0x000001be   0x00000000   Code   RO         1273    .ARM.Collect$$libinit$$0000000E  c_p.l(libinit2.o)
    0x000001be   0x000001be   0x00000000   Code   RO         1276    .ARM.Collect$$libinit$$00000011  c_p.l(libinit2.o)
    0x000001be   0x000001be   0x00000000   Code   RO         1278    .ARM.Collect$$libinit$$00000013  c_p.l(libinit2.o)
    0x000001be   0x000001be   0x00000000   Code   RO         1280    .ARM.Collect$$libinit$$00000015  c_p.l(libinit2.o)
    0x000001be   0x000001be   0x00000000   Code   RO         1282    .ARM.Collect$$libinit$$00000017  c_p.l(libinit2.o)
    0x000001be   0x000001be   0x00000000   Code   RO         1284    .ARM.Collect$$libinit$$00000019  c_p.l(libinit2.o)
    0x000001be   0x000001be   0x00000000   Code   RO         1286    .ARM.Collect$$libinit$$0000001B  c_p.l(libinit2.o)
    0x000001be   0x000001be   0x00000000   Code   RO         1288    .ARM.Collect$$libinit$$0000001D  c_p.l(libinit2.o)
    0x000001be   0x000001be   0x00000000   Code   RO         1290    .ARM.Collect$$libinit$$0000001F  c_p.l(libinit2.o)
    0x000001be   0x000001be   0x00000000   Code   RO         1292    .ARM.Collect$$libinit$$00000021  c_p.l(libinit2.o)
    0x000001be   0x000001be   0x00000000   Code   RO         1294    .ARM.Collect$$libinit$$00000023  c_p.l(libinit2.o)
    0x000001be   0x000001be   0x00000000   Code   RO         1296    .ARM.Collect$$libinit$$00000025  c_p.l(libinit2.o)
    0x000001be   0x000001be   0x00000000   Code   RO         1300    .ARM.Collect$$libinit$$0000002C  c_p.l(libinit2.o)
    0x000001be   0x000001be   0x00000000   Code   RO         1302    .ARM.Collect$$libinit$$0000002E  c_p.l(libinit2.o)
    0x000001be   0x000001be   0x00000000   Code   RO         1304    .ARM.Collect$$libinit$$00000030  c_p.l(libinit2.o)
    0x000001be   0x000001be   0x00000000   Code   RO         1306    .ARM.Collect$$libinit$$00000032  c_p.l(libinit2.o)
    0x000001be   0x000001be   0x00000002   Code   RO         1307    .ARM.Collect$$libinit$$00000033  c_p.l(libinit2.o)
    0x000001c0   0x000001c0   0x00000002   Code   RO         1343    .ARM.Collect$$libshutdown$$00000000  c_p.l(libshutdown.o)
    0x000001c2   0x000001c2   0x00000000   Code   RO         1353    .ARM.Collect$$libshutdown$$00000002  c_p.l(libshutdown2.o)
    0x000001c2   0x000001c2   0x00000000   Code   RO         1355    .ARM.Collect$$libshutdown$$00000004  c_p.l(libshutdown2.o)
    0x000001c2   0x000001c2   0x00000000   Code   RO         1358    .ARM.Collect$$libshutdown$$00000007  c_p.l(libshutdown2.o)
    0x000001c2   0x000001c2   0x00000000   Code   RO         1361    .ARM.Collect$$libshutdown$$0000000A  c_p.l(libshutdown2.o)
    0x000001c2   0x000001c2   0x00000000   Code   RO         1363    .ARM.Collect$$libshutdown$$0000000C  c_p.l(libshutdown2.o)
    0x000001c2   0x000001c2   0x00000000   Code   RO         1366    .ARM.Collect$$libshutdown$$0000000F  c_p.l(libshutdown2.o)
    0x000001c2   0x000001c2   0x00000002   Code   RO         1367    .ARM.Collect$$libshutdown$$00000010  c_p.l(libshutdown2.o)
    0x000001c4   0x000001c4   0x00000000   Code   RO         1186    .ARM.Collect$$rtentry$$00000000  c_p.l(__rtentry.o)
    0x000001c4   0x000001c4   0x00000000   Code   RO         1203    .ARM.Collect$$rtentry$$00000002  c_p.l(__rtentry2.o)
    0x000001c4   0x000001c4   0x00000004   Code   RO         1217    .ARM.Collect$$rtentry$$00000007  c_p.l(__rtentry7.o)
    0x000001c8   0x000001c8   0x00000000   Code   RO         1205    .ARM.Collect$$rtentry$$00000009  c_p.l(__rtentry2.o)
    0x000001c8   0x000001c8   0x00000004   Code   RO         1206    .ARM.Collect$$rtentry$$0000000A  c_p.l(__rtentry2.o)
    0x000001cc   0x000001cc   0x00000000   Code   RO         1208    .ARM.Collect$$rtentry$$0000000C  c_p.l(__rtentry2.o)
    0x000001cc   0x000001cc   0x00000008   Code   RO         1209    .ARM.Collect$$rtentry$$0000000D  c_p.l(__rtentry2.o)
    0x000001d4   0x000001d4   0x00000004   Code   RO         1218    .ARM.Collect$$rtentry$$00002718  c_p.l(__rtentry7.o)
    0x000001d8   0x000001d8   0x00000002   Code   RO         1257    .ARM.Collect$$rtexit$$00000000  c_p.l(rtexit.o)
    0x000001da   0x000001da   0x00000000   Code   RO         1313    .ARM.Collect$$rtexit$$00000002  c_p.l(rtexit2.o)
    0x000001da   0x000001da   0x00000004   Code   RO         1314    .ARM.Collect$$rtexit$$00000003  c_p.l(rtexit2.o)
    0x000001de   0x000001de   0x00000006   Code   RO         1315    .ARM.Collect$$rtexit$$00000004  c_p.l(rtexit2.o)
    0x000001e4   0x000001e4   0x00000006   Code   RO          234    .emb_text           bootloader.o
    0x000001ea   0x000001ea   0x00000002   PAD
    0x000001ec   0x000001ec   0x0000011c   Code   RO            4    .text               startup_lpc845.o
    0x00000308   0x00000308   0x00000102   Code   RO         1172    .text               c_p.l(lludiv.o)
    0x0000040a   0x0000040a   0x00000014   Code   RO         1174    .text               c_p.l(abort.o)
    0x0000041e   0x0000041e   0x00000040   Code   RO         1176    .text               c_p.l(rt_memclr.o)
    0x0000045e   0x0000045e   0x0000015a   Code   RO         1178    .text               c_p.l(aeabi_sdiv.o)
    0x000005b8   0x000005b8   0x0000000c   Code   RO         1184    .text               c_p.l(sys_exit.o)
    0x000005c4   0x000005c4   0x0000000c   Code   RO         1195    .text               c_p.l(defsig_abrt_outer.o)
    0x000005d0   0x000005d0   0x00000002   Code   RO         1199    .text               c_p.l(use_no_semi.o)
    0x000005d2   0x000005d2   0x00000000   Code   RO         1201    .text               c_p.l(indicate_semi.o)
    0x000005d2   0x000005d2   0x0000000c   Code   RO         1226    .text               c_p.l(defsig_exit.o)
    0x000005de   0x000005de   0x00000002   PAD
    0x000005e0   0x000005e0   0x00000030   Code   RO         1228    .text               c_p.l(defsig_abrt_inner.o)
    0x00000610   0x00000610   0x00000010   Code   RO         1233    .text               c_p.l(exit.o)
    0x00000620   0x00000620   0x00000034   Code   RO         1237    .text               c_p.l(defsig_general.o)
    0x00000654   0x00000654   0x0000000c   Code   RO         1249    .text               c_p.l(sys_wrch.o)
    0x00000660   0x00000660   0x00000054   Code   RO          235    i.BootJump          bootloader.o
    0x000006b4   0x000006b4   0x00000018   Code   RO          393    i.CLOCK_DisableClock  Framework-LPC845.lib(fw_io.o)
    0x000006cc   0x000006cc   0x00000018   Code   RO          394    i.CLOCK_EnableClock  Framework-LPC845.lib(fw_io.o)
    0x000006e4   0x000006e4   0x00000024   Code   RO          737    i.CLOCK_GetFRG0ClkFreq  Framework-LPC845.lib(fsl_clock.o)
    0x00000708   0x00000708   0x00000024   Code   RO          738    i.CLOCK_GetFRG1ClkFreq  Framework-LPC845.lib(fsl_clock.o)
    0x0000072c   0x0000072c   0x00000020   Code   RO          739    i.CLOCK_GetFRGInputClkFreq  Framework-LPC845.lib(fsl_clock.o)
    0x0000074c   0x0000074c   0x00000060   Code   RO          740    i.CLOCK_GetFreq     Framework-LPC845.lib(fsl_clock.o)
    0x000007ac   0x000007ac   0x00000048   Code   RO          741    i.CLOCK_GetFroFreq  Framework-LPC845.lib(fsl_clock.o)
    0x000007f4   0x000007f4   0x00000048   Code   RO          742    i.CLOCK_GetMainClkFreq  Framework-LPC845.lib(fsl_clock.o)
    0x0000083c   0x0000083c   0x00000018   Code   RO          743    i.CLOCK_GetSystemPLLFreq  Framework-LPC845.lib(fsl_clock.o)
    0x00000854   0x00000854   0x00000038   Code   RO          744    i.CLOCK_GetSystemPLLInClockRate  Framework-LPC845.lib(fsl_clock.o)
    0x0000088c   0x0000088c   0x00000084   Code   RO          751    i.CLOCK_InitSysOsc  Framework-LPC845.lib(fsl_clock.o)
    0x00000910   0x00000910   0x00000028   Code   RO          758    i.CLOCK_SetFroOutClkSrc  Framework-LPC845.lib(fsl_clock.o)
    0x00000938   0x00000938   0x00000058   Code   RO          759    i.CLOCK_SetMainClkSrc  Framework-LPC845.lib(fsl_clock.o)
    0x00000990   0x00000990   0x0000001e   Code   RO          760    i.CLOCK_UpdateClkSrc  Framework-LPC845.lib(fsl_clock.o)
    0x000009ae   0x000009ae   0x00000002   PAD
    0x000009b0   0x000009b0   0x00000018   Code   RO          993    i.PIN_INT6_USART3_DriverIRQHandler  Framework-LPC845.lib(fsl_usart.o)
    0x000009c8   0x000009c8   0x00000018   Code   RO          994    i.PIN_INT7_USART4_DriverIRQHandler  Framework-LPC845.lib(fsl_usart.o)
    0x000009e0   0x000009e0   0x00000048   Code   RO          937    i.RESET_PeripheralReset  Framework-LPC845.lib(fsl_reset.o)
    0x00000a28   0x00000a28   0x00000022   Code   RO          962    i.SWM_SetMovablePinSelect  Framework-LPC845.lib(fsl_swm.o)
    0x00000a4a   0x00000a4a   0x00000002   PAD
    0x00000a4c   0x00000a4c   0x00000024   Code   RO           13    i.SystemInit        system_lpc845.o
    0x00000a70   0x00000a70   0x00000002   Code   RO           14    i.SystemInitHook    system_lpc845.o
    0x00000a72   0x00000a72   0x00000002   PAD
    0x00000a74   0x00000a74   0x00000018   Code   RO          995    i.USART0_DriverIRQHandler  Framework-LPC845.lib(fsl_usart.o)
    0x00000a8c   0x00000a8c   0x00000018   Code   RO          996    i.USART1_DriverIRQHandler  Framework-LPC845.lib(fsl_usart.o)
    0x00000aa4   0x00000aa4   0x00000018   Code   RO          997    i.USART2_DriverIRQHandler  Framework-LPC845.lib(fsl_usart.o)
    0x00000abc   0x00000abc   0x0000003c   Code   RO          998    i.USART_Deinit      Framework-LPC845.lib(fsl_usart.o)
    0x00000af8   0x00000af8   0x0000001c   Code   RO          999    i.USART_EnableTx    Framework-LPC845.lib(fsl_usart.o)
    0x00000b14   0x00000b14   0x0000002e   Code   RO         1000    i.USART_GetDefaultConfig  Framework-LPC845.lib(fsl_usart.o)
    0x00000b42   0x00000b42   0x00000002   PAD
    0x00000b44   0x00000b44   0x00000020   Code   RO         1001    i.USART_GetInstance  Framework-LPC845.lib(fsl_usart.o)
    0x00000b64   0x00000b64   0x000000d8   Code   RO         1002    i.USART_Init        Framework-LPC845.lib(fsl_usart.o)
    0x00000c3c   0x00000c3c   0x000000b4   Code   RO         1004    i.USART_SetBaudRate  Framework-LPC845.lib(fsl_usart.o)
    0x00000cf0   0x00000cf0   0x00000024   Code   RO         1005    i.USART_TransferAbortReceive  Framework-LPC845.lib(fsl_usart.o)
    0x00000d14   0x00000d14   0x0000001e   Code   RO         1006    i.USART_TransferAbortSend  Framework-LPC845.lib(fsl_usart.o)
    0x00000d32   0x00000d32   0x00000002   PAD
    0x00000d34   0x00000d34   0x00000070   Code   RO         1007    i.USART_TransferCreateHandle  Framework-LPC845.lib(fsl_usart.o)
    0x00000da4   0x00000da4   0x0000001e   Code   RO         1009    i.USART_TransferGetRxRingBufferLength  Framework-LPC845.lib(fsl_usart.o)
    0x00000dc2   0x00000dc2   0x00000002   PAD
    0x00000dc4   0x00000dc4   0x00000140   Code   RO         1011    i.USART_TransferHandleIRQ  Framework-LPC845.lib(fsl_usart.o)
    0x00000f04   0x00000f04   0x00000020   Code   RO         1012    i.USART_TransferIsRxRingBufferFull  Framework-LPC845.lib(fsl_usart.o)
    0x00000f24   0x00000f24   0x000000d8   Code   RO         1013    i.USART_TransferReceiveNonBlocking  Framework-LPC845.lib(fsl_usart.o)
    0x00000ffc   0x00000ffc   0x00000050   Code   RO         1014    i.USART_TransferSendNonBlocking  Framework-LPC845.lib(fsl_usart.o)
    0x0000104c   0x0000104c   0x00000024   Code   RO         1015    i.USART_TransferStartRingBuffer  Framework-LPC845.lib(fsl_usart.o)
    0x00001070   0x00001070   0x0000002a   Code   RO         1016    i.USART_TransferStopRingBuffer  Framework-LPC845.lib(fsl_usart.o)
    0x0000109a   0x0000109a   0x0000001a   Code   RO           42    i.__ARM_common_switch8  system_lpc845.o
    0x000010b4   0x000010b4   0x00000014   Code   RO           78    i.delay             loop.o
    0x000010c8   0x000010c8   0x00000010   Code   RO          301    i.fw_chip_init      Framework-LPC845.lib(fw_chip.o)
    0x000010d8   0x000010d8   0x00000060   Code   RO          302    i.fw_chip_initCoreClock  Framework-LPC845.lib(fw_chip.o)
    0x00001138   0x00001138   0x00000020   Code   RO          583    i.fw_chip_iocon_pinMuxSet  Framework-LPC845.lib(fw_usart.o)
    0x00001158   0x00001158   0x00000022   Code   RO          395    i.fw_io_deinit      Framework-LPC845.lib(fw_io.o)
    0x0000117a   0x0000117a   0x00000002   PAD
    0x0000117c   0x0000117c   0x00000024   Code   RO          396    i.fw_io_entity_getDir  Framework-LPC845.lib(fw_io.o)
    0x000011a0   0x000011a0   0x00000010   Code   RO          397    i.fw_io_entity_getValue  Framework-LPC845.lib(fw_io.o)
    0x000011b0   0x000011b0   0x00000012   Code   RO          398    i.fw_io_entity_setDir  Framework-LPC845.lib(fw_io.o)
    0x000011c2   0x000011c2   0x00000010   Code   RO          399    i.fw_io_entity_setHigh  Framework-LPC845.lib(fw_io.o)
    0x000011d2   0x000011d2   0x00000010   Code   RO          400    i.fw_io_entity_setInput  Framework-LPC845.lib(fw_io.o)
    0x000011e2   0x000011e2   0x00000010   Code   RO          401    i.fw_io_entity_setLow  Framework-LPC845.lib(fw_io.o)
    0x000011f2   0x000011f2   0x00000010   Code   RO          402    i.fw_io_entity_setOutput  Framework-LPC845.lib(fw_io.o)
    0x00001202   0x00001202   0x00000010   Code   RO          403    i.fw_io_entity_setToggle  Framework-LPC845.lib(fw_io.o)
    0x00001212   0x00001212   0x00000012   Code   RO          404    i.fw_io_entity_setValue  Framework-LPC845.lib(fw_io.o)
    0x00001224   0x00001224   0x00000014   Code   RO          405    i.fw_io_getBase     Framework-LPC845.lib(fw_io.o)
    0x00001238   0x00001238   0x00000020   Code   RO          406    i.fw_io_getEntity   Framework-LPC845.lib(fw_io.o)
    0x00001258   0x00001258   0x00000012   Code   RO          407    i.fw_io_getValue    Framework-LPC845.lib(fw_io.o)
    0x0000126a   0x0000126a   0x0000003a   Code   RO          408    i.fw_io_init        Framework-LPC845.lib(fw_io.o)
    0x000012a4   0x000012a4   0x00000018   Code   RO          409    i.fw_io_port_clear  Framework-LPC845.lib(fw_io.o)
    0x000012bc   0x000012bc   0x00000018   Code   RO          410    i.fw_io_port_dir    Framework-LPC845.lib(fw_io.o)
    0x000012d4   0x000012d4   0x00000018   Code   RO          411    i.fw_io_port_dirClear  Framework-LPC845.lib(fw_io.o)
    0x000012ec   0x000012ec   0x00000018   Code   RO          412    i.fw_io_port_dirSet  Framework-LPC845.lib(fw_io.o)
    0x00001304   0x00001304   0x00000016   Code   RO          413    i.fw_io_port_read   Framework-LPC845.lib(fw_io.o)
    0x0000131a   0x0000131a   0x00000018   Code   RO          414    i.fw_io_port_set    Framework-LPC845.lib(fw_io.o)
    0x00001332   0x00001332   0x00000018   Code   RO          415    i.fw_io_port_toggle  Framework-LPC845.lib(fw_io.o)
    0x0000134a   0x0000134a   0x0000002e   Code   RO          416    i.fw_io_setDir      Framework-LPC845.lib(fw_io.o)
    0x00001378   0x00001378   0x00000014   Code   RO          417    i.fw_io_setHigh     Framework-LPC845.lib(fw_io.o)
    0x0000138c   0x0000138c   0x00000020   Code   RO          418    i.fw_io_setInput    Framework-LPC845.lib(fw_io.o)
    0x000013ac   0x000013ac   0x00000014   Code   RO          419    i.fw_io_setLow      Framework-LPC845.lib(fw_io.o)
    0x000013c0   0x000013c0   0x00000020   Code   RO          420    i.fw_io_setOutput   Framework-LPC845.lib(fw_io.o)
    0x000013e0   0x000013e0   0x00000020   Code   RO          421    i.fw_io_setToggle   Framework-LPC845.lib(fw_io.o)
    0x00001400   0x00001400   0x00000014   Code   RO          422    i.fw_io_setValue    Framework-LPC845.lib(fw_io.o)
    0x00001414   0x00001414   0x00000026   Code   RO          584    i.fw_usart_abortReceive  Framework-LPC845.lib(fw_usart.o)
    0x0000143a   0x0000143a   0x00000026   Code   RO          585    i.fw_usart_abortSend  Framework-LPC845.lib(fw_usart.o)
    0x00001460   0x00001460   0x0000004c   Code   RO          586    i.fw_usart_callback_handle  Framework-LPC845.lib(fw_usart.o)
    0x000014ac   0x000014ac   0x00000018   Code   RO          587    i.fw_usart_deinit   Framework-LPC845.lib(fw_usart.o)
    0x000014c4   0x000014c4   0x0000000c   Code   RO          588    i.fw_usart_entity_abortReceive  Framework-LPC845.lib(fw_usart.o)
    0x000014d0   0x000014d0   0x0000000c   Code   RO          589    i.fw_usart_entity_abortSend  Framework-LPC845.lib(fw_usart.o)
    0x000014dc   0x000014dc   0x0000000e   Code   RO          590    i.fw_usart_entity_reciver  Framework-LPC845.lib(fw_usart.o)
    0x000014ea   0x000014ea   0x0000000e   Code   RO          591    i.fw_usart_entity_send  Framework-LPC845.lib(fw_usart.o)
    0x000014f8   0x000014f8   0x0000000e   Code   RO          592    i.fw_usart_entity_setBaudrate  Framework-LPC845.lib(fw_usart.o)
    0x00001506   0x00001506   0x00000002   PAD
    0x00001508   0x00001508   0x0000001c   Code   RO          593    i.fw_usart_getEntity  Framework-LPC845.lib(fw_usart.o)
    0x00001524   0x00001524   0x0000001c   Code   RO          594    i.fw_usart_getHandleMem  Framework-LPC845.lib(fw_usart.o)
    0x00001540   0x00001540   0x00000018   Code   RO          595    i.fw_usart_getHwConf  Framework-LPC845.lib(fw_usart.o)
    0x00001558   0x00001558   0x00000018   Code   RO          596    i.fw_usart_getHwInfo  Framework-LPC845.lib(fw_usart.o)
    0x00001570   0x00001570   0x00000084   Code   RO          597    i.fw_usart_init     Framework-LPC845.lib(fw_usart.o)
    0x000015f4   0x000015f4   0x0000004e   Code   RO          598    i.fw_usart_reciver  Framework-LPC845.lib(fw_usart.o)
    0x00001642   0x00001642   0x00000046   Code   RO          599    i.fw_usart_send     Framework-LPC845.lib(fw_usart.o)
    0x00001688   0x00001688   0x000000a0   Code   RO          600    i.fw_usart_setPin   Framework-LPC845.lib(fw_usart.o)
    0x00001728   0x00001728   0x0000001e   Code   RO          601    i.fw_usart_setting_ringBufferDisable  Framework-LPC845.lib(fw_usart.o)
    0x00001746   0x00001746   0x00000026   Code   RO          602    i.fw_usart_setting_ringBufferEnable  Framework-LPC845.lib(fw_usart.o)
    0x0000176c   0x0000176c   0x00000026   Code   RO          603    i.fw_usart_setting_setBaudrate  Framework-LPC845.lib(fw_usart.o)
    0x00001792   0x00001792   0x00000002   PAD
    0x00001794   0x00001794   0x0000002c   Code   RO           79    i.loop              loop.o
    0x000017c0   0x000017c0   0x0000000a   Code   RO          163    i.main              main.o
    0x000017ca   0x000017ca   0x00000002   PAD
    0x000017cc   0x000017cc   0x0000006c   Code   RO          190    i.periph_io_init    periph_io.o
    0x00001838   0x00001838   0x00000008   Code   RO          191    i.periph_io_startup  periph_io.o
    0x00001840   0x00001840   0x00000010   Code   RO          172    i.start             start.o
    0x00001850   0x00001850   0x0000001c   Code   RO          173    i.start_hw          start.o
    0x0000186c   0x0000186c   0x00000004   Data   RO          262    .constdata          fw_define.o
    0x00001870   0x00001870   0x00000008   Data   RO          263    .constdata          fw_define.o
    0x00001878   0x00001878   0x00000064   Data   RO          264    .constdata          fw_define.o
    0x000018dc   0x000018dc   0x00000036   Data   RO          303    .constdata          Framework-LPC845.lib(fw_chip.o)
    0x00001912   0x00001912   0x00000002   PAD
    0x00001914   0x00001914   0x0000004c   Data   RO          423    .constdata          Framework-LPC845.lib(fw_io.o)
    0x00001960   0x00001960   0x00000024   Data   RO          424    .constdata          Framework-LPC845.lib(fw_io.o)
    0x00001984   0x00001984   0x00000008   Data   RO          425    .constdata          Framework-LPC845.lib(fw_io.o)
    0x0000198c   0x0000198c   0x00000030   Data   RO          604    .constdata          Framework-LPC845.lib(fw_usart.o)
    0x000019bc   0x000019bc   0x00000028   Data   RO          605    .constdata          Framework-LPC845.lib(fw_usart.o)
    0x000019e4   0x000019e4   0x00000014   Data   RO          606    .constdata          Framework-LPC845.lib(fw_usart.o)
    0x000019f8   0x000019f8   0x0000003c   Data   RO         1019    .constdata          Framework-LPC845.lib(fsl_usart.o)
    0x00001a34   0x00001a34   0x00000020   Data   RO         1368    Region$$Table       anon$$obj.o


    Execution Region RW_m_data (Exec base: 0x10000000, Load base: 0x00001a54, Size: 0x000000c0, Max: 0x00003800, ABSOLUTE)

    Exec Addr    Load Addr    Size         Type   Attr      Idx    E Section Name        Object

    0x10000000   0x00001a54   0x00000004   Data   RW           15    .data               system_lpc845.o
    0x10000004   0x00001a58   0x00000008   Data   RW          762    .data               Framework-LPC845.lib(fsl_clock.o)
    0x1000000c   0x00001a60   0x00000004   Data   RW         1020    .data               Framework-LPC845.lib(fsl_usart.o)
    0x10000010        -       0x00000040   Zero   RW          192    .bss                periph_io.o
    0x10000050        -       0x0000005c   Zero   RW          261    .bss                fw_define.o
    0x100000ac        -       0x00000014   Zero   RW         1018    .bss                Framework-LPC845.lib(fsl_usart.o)


    Execution Region ARM_LIB_HEAP (Exec base: 0x100000c0, Load base: 0x00001a64, Size: 0x00000400, Max: 0x00000400, ABSOLUTE)

    Exec Addr    Load Addr    Size         Type   Attr      Idx    E Section Name        Object

    0x100000c0        -       0x00000400   Zero   RW            1    ARM_LIB_HEAP.bss    anon$$obj.o


    Execution Region ARM_LIB_STACK (Exec base: 0x10003c00, Load base: 0x00001a64, Size: 0x00000400, Max: 0x00000400, ABSOLUTE)

    Exec Addr    Load Addr    Size         Type   Attr      Idx    E Section Name        Object

    0x10003c00        -       0x00000400   Zero   RW            2    ARM_LIB_STACK.bss   anon$$obj.o



  Load Region LR_m_interrupts (Base: 0x00000000, Size: 0x000000c0, Max: 0x00000140, ABSOLUTE)

    Execution Region VECTOR_ROM (Exec base: 0x00000000, Load base: 0x00000000, Size: 0x000000c0, Max: 0x00000140, ABSOLUTE)

    Exec Addr    Load Addr    Size         Type   Attr      Idx    E Section Name        Object

    0x00000000   0x00000000   0x000000c0   Data   RO            3    RESET               startup_lpc845.o


==============================================================================

Image component sizes


      Code (inc. data)   RO Data    RW Data    ZI Data      Debug   Object Name

        90         18          0          0          0       3895   bootloader.o
         0          0        112          0         92       3502   fw_define.o
        64         10          0          0          0       2858   loop.o
        10          0          0          0          0        435   main.o
       116         12          0          0         64       1574   periph_io.o
        44          8          0          0          0       1227   start.o
       284        136        192          0          0       2184   startup_lpc845.o
        64         16          0          4          0       5724   system_lpc845.o

    ----------------------------------------------------------------------
       678        200        336          4       2204      21399   Object Totals
         0          0         32          0       2048          0   (incl. Generated)
         6          0          0          0          0          0   (incl. Padding)

    ----------------------------------------------------------------------

      Code (inc. data)   RO Data    RW Data    ZI Data      Debug   Library Member Name

       714        106          0          8          0     219413   fsl_clock.o
        72          4          0          0          0       1424   fsl_reset.o
        34          0          0          0          0       4678   fsl_swm.o
      1616        130         60          4         20      38963   fsl_usart.o
       112         24         54          0          0     220655   fw_chip.o
       746         26        120          0          0      27300   fw_io.o
       924         54        108          0          0      32153   fw_usart.o
         8          0          0          0          0         68   __main.o
         0          0          0          0          0          0   __rtentry.o
        12          0          0          0          0          0   __rtentry2.o
         8          4          0          0          0          0   __rtentry7.o
        60          8          0          0          0          0   __scatter.o
        26          0          0          0          0          0   __scatter_copy.o
        28          0          0          0          0          0   __scatter_zi.o
        20          0          0          0          0         68   abort.o
       346          0          0          0          0         92   aeabi_sdiv.o
        48         34          0          0          0         68   defsig_abrt_inner.o
        12          0          0          0          0         68   defsig_abrt_outer.o
        12          0          0          0          0         68   defsig_exit.o
        52          0          0          0          0         72   defsig_general.o
        16          0          0          0          0         68   exit.o
         0          0          0          0          0          0   indicate_semi.o
         2          0          0          0          0          0   libinit.o
         2          0          0          0          0          0   libinit2.o
         2          0          0          0          0          0   libshutdown.o
         2          0          0          0          0          0   libshutdown2.o
       258          0          0          0          0         88   lludiv.o
        64          0          0          0          0        108   rt_memclr.o
         2          0          0          0          0          0   rtexit.o
        10          0          0          0          0          0   rtexit2.o
        12          4          0          0          0         60   sys_exit.o
        12          0          0          0          0         68   sys_wrch.o
         2          0          0          0          0         68   use_no_semi.o

    ----------------------------------------------------------------------
      5254        394        344         12         20     545550   Library Totals
        20          0          2          0          0          0   (incl. Padding)

    ----------------------------------------------------------------------

      Code (inc. data)   RO Data    RW Data    ZI Data      Debug   Library Name

      1782        104        282          0          0     280108   Framework-LPC845.lib
      2436        240         60         12         20     264478   Framework-LPC845.lib
      1016         50          0          0          0        964   c_p.l

    ----------------------------------------------------------------------
      5254        394        344         12         20     545550   Library Totals

    ----------------------------------------------------------------------

==============================================================================


      Code (inc. data)   RO Data    RW Data    ZI Data      Debug   

      5932        594        680         16       2224     562281   Grand Totals
      5932        594        680         16       2224     562281   ELF Image Totals
      5932        594        680         16          0          0   ROM Totals

==============================================================================

    Total RO  Size (Code + RO Data)                 6612 (   6.46kB)
    Total RW  Size (RW Data + ZI Data)              2240 (   2.19kB)
    Total ROM Size (Code + RO Data + RW Data)       6628 (   6.47kB)

==============================================================================

