<html>
<body>
<pre>
<h1>µVision Build Log</h1>
<h2>Tool Versions:</h2>
IDE-Version: £gVision V5.28.0.0
Copyright (C) 2019 ARM Ltd and ARM Germany GmbH. All rights reserved.
License Information: RiHua Zhang, Chenyo, LIC=14HHL-0HARS-G7CR6-DECBZ-5PI1N-3IZAC
 
Tool Versions:
Toolchain:       MDK-ARM Plus  Version: 5.28.0.0
Toolchain Path:  C:\Keil_v5\ARM\ARMCC\Bin
C Compiler:      Armcc.exe V5.06 update 6 (build 750)
Assembler:       Armasm.exe V5.06 update 6 (build 750)
Linker/Locator:  ArmLink.exe V5.06 update 6 (build 750)
Library Manager: ArmAr.exe V5.06 update 6 (build 750)
Hex Converter:   FromElf.exe V5.06 update 6 (build 750)
CPU DLL:         SARMCM3.DLL V5.28.0.0
Dialog DLL:      DARMCM1.DLL V1.19.2.0
Target DLL:      Segger\JL2CM3.dll V2.99.36.0
Dialog DLL:      TARMCM1.DLL V1.14.1.0
 
<h2>Project:</h2>
C:\Users\Danny\Documents\GitHub\nxp_lpc845_bootloader\project\nxp_lpc845_bootloader.uvprojx
Project File Date:  10/15/2020

<h2>Output:</h2>
*** Using Compiler 'V5.06 update 6 (build 750)', folder: 'C:\Keil_v5\ARM\ARMCC\Bin'
Build target 'nxp_lpc845_bootloader'
compiling terminal.c...
compiling main.c...
compiling start.c...
compiling periph_io.c...
compiling loop.c...
compiling fw_define.c...
compiling system_LPC845.c...
compiling bootloader.c...
linking...
Program Size: Code=5932 RO-data=680 RW-data=16 ZI-data=2224  
FromELF: creating hex file...
".\Objects\nxp_lpc845_bootloader.axf" - 0 Error(s), 0 Warning(s).

<h2>Software Packages used:</h2>

Package Vendor: NXP
                http://mcuxpresso.nxp.com/cmsis_pack/repo/NXP.LPC845_DFP.12.2.0.pack
                NXP.LPC845_DFP.12.2.0
                Device Family Pack for LPC845

<h2>Collection of Component include folders:</h2>
  .\RTE\_nxp_lpc845_bootloader
  C:\Users\Danny\AppData\Local\Arm\Packs\NXP\LPC845_DFP\12.2.0

<h2>Collection of Component Files used:</h2>
Build Time Elapsed:  00:00:01
</pre>
</body>
</html>
